/usr/lib/python3/dist-packages/scipy/__init__.py:146: UserWarning: A NumPy version >=1.17.3 and <1.25.0 is required for this version of SciPy (detected version 1.26.4
  warnings.warn(f"A NumPy version >={np_minversion} and <{np_maxversion}"
Existing Day9 stack retained.
{"purpose": "pilot", "method": "B", "seed": 20260909, "steps": 3000, "wall_limit_sec": 360288.1928504945, "config": {"schema_version": 4, "world_name": "robot_world", "block_name": "wood_block", "base_frame": "base_link", "tcp_link": "end_effector_link", "move_group": "arm", "arm_joints": ["joint1", "joint2", "joint3", "joint4", "joint5"], "initial_pose": [0.0, 0.16755160819145562, -1.1728612573401895, -1.8849555921538759, 0.0], "robot_spawn_world": [-0.2, 0.0, 0.75], "block_reset_world": [-0.01540777340756408, -0.012438901168749173, 0.765], "table_top_world_z": 0.75, "block_size_m": [0.03, 0.03, 0.03], "sampling": {"base_x_m": [0.1166613453786855, 0.25252310780618636], "base_y_m": [-0.10027086404686325, 0.07539306170936491], "rows": 5, "columns": 5, "samples_per_stratum": 2, "shuffle_seed": 20260825, "maximum_preflight_attempts": 500, "block_yaw_deg": 0.0}, "representative_points": {"center": [0.18459222659243593, -0.012438901168749173, 0.015], "far": [0.13392035813002465, -0.012688906328956265, 0.015], "near": [0.23526409505484722, -0.012188896008542081, 0.015], "left": [0.1849409066683234, -0.08311052621120449, 0.015], "right": [0.18424354651654845, 0.05823272387370615, 0.015]}, "topics": {"joint_states": "/joint_states", "gazebo_joint_states": "/day3_v5/gazebo_joint_states", "arm_command": "/arm_controller/joint_trajectory", "gripper_command": "/gripper_controller/commands", "left_contacts": "/day3_v5/left_finger/contacts", "right_contacts": "/day3_v5/right_finger/contacts", "block_contacts": "/day3_v5/block/contacts", "block_odometry": "/day3_v5/block/odometry", "rgb": "/depth_cam/rgbd/image", "depth": "/depth_cam/rgbd/depth_image", "camera_info": "/depth_cam/rgbd/camera_info", "target": "/grasp/target_point", "surface": "/grasp/target_surface", "footprint": "/grasp/target_footprint", "detected": "/grasp/detected", "confidence": "/grasp/target_confidence", "ik_service": "/compute_ik", "fk_service": "/compute_fk", "state_validity_service": "/check_state_validity", "planning_scene_service": "/apply_planning_scene"}, "perception": {"samples": 12, "confidence_minimum": 0.66, "maximum_std_m": 0.005, "maximum_axis_std_deg": 6.0, "object_side_m": [0.025, 0.04], "workspace_x_m": [0.1066613453786855, 0.2625231078061864], "workspace_y_m": [-0.11027086404686325, 0.0853930617093649], "workspace_z_m": [0.005, 0.045], "center_surface_delta_tolerance_m": 0.008}, "geometry": {"table_normal_base": [0.0, 0.0, 1.0], "urdf": "generated/day3_v5_robot.urdf", "left_finger_link": "l_out_link", "right_finger_link": "r_out_link", "left_finger_collision": "l_out_link_box_collision", "right_finger_collision": "r_out_link_box_collision", "gripper_driver_joint": "r_joint", "contact_center_insertion_m": -0.007, "minimum_table_clearance_m": 0.004, "table_center_base_m": [0.2, 0.0, -0.015], "table_size_m": [0.9, 0.6, 0.03], "pedestal_center_base_m": [0.2, 0.0, -0.39], "pedestal_size_m": [0.1, 0.1, 0.72]}, "orientation": {"tilt_min_deg": 0.0, "tilt_max_deg": 60.0, "tilt_step_deg": 7.5, "lean_signs": [-1, 1], "square_symmetries": [0, 1, 2, 3], "maximum_orientation_error_rad": 0.08, "position_weight": 150.0, "orientation_weight": 2.0, "joint_motion_weight": 0.08, "joint_margin_weight": 0.15, "deterministic_seed_count": 12, "seed_random_seed": 20260825}, "motion": {"pregrasp_clearance_m": 0.07, "lift_command_m": 0.08, "cartesian_step_m": 0.0025, "maximum_joint_step_rad": 0.25, "state_validity_joint_step_rad": 0.025, "arm_joint_tolerance_rad": 0.15, "joint_limit_margin_rad": 0.01, "ik_timeout_sec": 0.35, "service_timeout_wall_sec": 15.0, "tcp_position_tolerance_m": 0.004, "grasp_center_tolerance_m": 0.005, "grasp_settle_joint_error_rad": 0.03, "grasp_settle_velocity_rad_sec": 0.1, "grasp_settle_sim_sec": 0.3, "initial_duration_sec": 2.0, "pregrasp_duration_sec": 2.2, "descent_duration_sec": 1.8, "lift_duration_sec": 2.2, "place_duration_sec": 2.0, "retreat_duration_sec": 1.5, "safe_duration_sec": 2.0}, "gripper": {"open_target": 1.3, "open_minimum": 1.15, "close_target": 0.0, "command_rate_hz": 15.0, "dual_contact_stable_sim_sec": 0.2, "contact_dropout_sim_sec": 0.25, "stall_velocity_rad_sec": 0.01, "stall_duration_sim_sec": 0.3, "overclose_offset": 0.04, "search_effort_nm": 0.02, "hold_effort_nm": 0.008, "compensation_velocity_rad_sec": 0.005, "position_velocity_gain": 0.5, "velocity_proportional_gain_nm_sec_per_rad": 0.75, "velocity_integral_gain_nm_per_rad": 2.0, "hold_effort_limit_nm": 0.6, "open_hold_effort_nm": 1.2, "effort_limit_nm": 1.5, "penetration_fail_m": 0.003, "minimum_contact_closure_m": 0.0015, "early_contact_angle_margin_rad": 0.045, "early_contact_gap_margin_m": 0.0015, "contact_inside_margin_m": 0.008, "contact_normal_alignment_min": 0.45}, "verification": {"minimum_lift_m": 0.06, "hold_sim_sec": 5.0, "hold_wall_sec": 5.0, "minimum_hold_height_m": 0.055, "maximum_relative_slip_m": 0.003, "drop_stable_sim_sec": 0.2, "pregrip_xy_disturbance_m": 0.02, "pregrip_z_disturbance_m": 0.015, "place_height_tolerance_m": 0.012}, "reset": {"pose_tolerance_m": 0.006, "linear_speed_max_m_sec": 0.025, "angular_speed_max_rad_sec": 0.15, "stable_sim_sec": 0.2, "arm_settle_sim_sec": 0.5, "arm_settle_joint_error_rad": 0.03, "arm_settle_velocity_rad_sec": 0.05}, "timeouts": {"interfaces_wall_sec": 90.0, "camera_topics_wall_sec": 60.0, "visual_wall_sec": 30.0, "open_wall_sec": 120.0, "arm_wall_sec": 240.0, "dual_contact_wall_sec": 45.0, "stall_wall_sec": 45.0, "lift_wall_sec": 240.0, "hold_wall_sec": 240.0, "place_wall_sec": 240.0, "reset_wall_sec": 60.0, "clock_stall_wall_sec": 20.0}, "day4": {"sampling": {"base_x_m": [0.1166613453786855, 0.25252310780618636], "base_y_m": [-0.10027086404686325, 0.07539306170936491], "yaw_deg": [0.0, 0.0]}, "action_limit_m": 0.005, "yaw_action_limit_deg": 5.0, "start_clearance_m": 0.025, "start_duration_sec": 1.2, "step_duration_sec": 1.0, "step_timeout_wall_sec": 120.0, "step_settle_joint_error_rad": 0.01, "step_settle_velocity_rad_sec": 0.05, "step_settle_sim_sec": 0.2, "position_trigger_m": 0.006, "yaw_trigger_deg": 8.0, "max_steps": 20, "invalid_action_limit": 3, "reset_attempts": 5, "reward": {"approach_scale": 100.0, "success": 50.0, "drop": -30.0, "collision": -30.0}, "smoke": {"episodes": 100, "base_seed": 20260828, "policy_gain": 0.8, "minimum_grasp_attempt_rate": 0.9}, "step_min_execution_fraction": 1.0}, "day6": {"enable_residual": true, "model_path": "models/sac_smoke.zip", "deterministic": true, "residual_limit_m": 0.001, "residual_yaw_limit_deg": 1.0, "low_pass_alpha": 0.25, "live_check": {"fixed_center": true, "seed": 20260902}, "provenance": {"day5_tree_sha256": "2ee2feece30cfa6bce7f8960b7a4b3362d6d02cf7176ff8150147ff32d868155", "day5_file_count": 2099, "day5_directory_count": 281, "day5_symlink_count": 4, "source_model_sha256": "69e3b9cec696129805ec96969be9e738f553fc1d5ac93e8f47384033af11c9a5"}}, "day8": {"mode": "auto", "initial_level": "L0", "seed": 20260913, "results_path": "results/white_area_episodes.jsonl", "state_path": "runtime/white_area_curriculum_state.json", "window": 100, "minimum_dwell": 100, "promote_rate": 0.8, "demote_rate": 0.55, "technical_retries": 5, "stage_restarts": 2, "sdf_readback_significant_digits": 6, "service_timeout_sec": 30.0, "episode_timeout_sec": 1200, "perception_node": "/perception", "world_sdf": "simulations/robot_gazebo/worlds/grasp_table.sdf", "episode_sdf": "runtime/wood_block_episode.sdf", "nominal": {"mass_kg": 0.03, "mu": 6.0, "mu2": 6.0, "brightness": 1.0, "contrast": 1.0, "side_m": 0.03}, "levels": {"L0": {"position_fraction": 1.0, "mass_fraction": 0.0, "friction_fraction": 0.0, "rgb_fraction": 0.0, "pixel_std": 0.0, "depth_std_mm": 0.0, "invalid_fraction": 0.0, "translation_mm": 0.0, "rotation_deg": 0.0, "delay_ms": 0.0, "size_fraction": 0}, "L1": {"position_fraction": 1.0, "mass_fraction": 0.1, "friction_fraction": 0.1, "rgb_fraction": 0.1, "pixel_std": 2.0, "depth_std_mm": 0.1, "invalid_fraction": 0.01, "translation_mm": 2.0, "rotation_deg": 0.5, "delay_ms": 20.0, "size_fraction": 0.02}, "L2": {"position_fraction": 1.0, "mass_fraction": 0.2, "friction_fraction": 0.2, "rgb_fraction": 0.2, "pixel_std": 5.0, "depth_std_mm": 0.2, "invalid_fraction": 0.03, "translation_mm": 5.0, "rotation_deg": 1.0, "delay_ms": 50.0, "size_fraction": 0.035}, "L3": {"position_fraction": 1.0, "mass_fraction": 0.3, "friction_fraction": 0.3, "rgb_fraction": 0.3, "pixel_std": 8.0, "depth_std_mm": 0.3, "invalid_fraction": 0.05, "translation_mm": 8.0, "rotation_deg": 2.0, "delay_ms": 100.0, "size_fraction": 0.05}}, "position_grid_path": "results/position_grid.json", "white_area": {"frame": "base_link", "center_base_m": [0.18459222659243593, -0.012438901168749173, 0.0], "size_xy_m": [0.135, 0.175], "yaw_rad": -3.1366588877894728, "sampling": "continuous_uniform_full_footprint", "source": "GJYfighting/source-code@70502c8:jetarm/src/hiwonder_imgproc/color_detection/config/config.yaml", "table_projection": true}, "camera_mount": {"reference": "camera_calibration_hand", "hand_reference_z_m": 0.17145583202, "link4_translation_m": [-0.04500000000000002, 0.0, 0.07045583202000001], "source_hand_to_optical": [[0.0, 0.0, 1.0, -0.101], [-1.0, 0.0, 0.0, 0.0], [0.0, -1.0, 0.0, 0.045], [0.0, 0.0, 0.0, 1.0]], "derivation": "results/camera_repair_geometry.json"}}, "day9": {"status": "CANDIDATE_UNVALIDATED", "profile": "combined", "methods": ["A", "B", "F"], "seed_diagnostic": 20260908, "seed_pilot": 20260909, "seed_validation": 20260910, "formal_seeds": [20260911, 20260912, 20260913], "pilot_steps_per_method": 3000, "formal_steps_per_method_seed": 10000, "task_reset_failure": "count_failure_without_fake_transition", "P1": {"learning_rate": 0.0003, "gamma": 0.99, "tau": 0.005, "buffer_size": 100000, "batch_size": 128, "learning_starts": 1000, "train_freq": [1, "step"], "gradient_steps": 1, "ent_coef": "auto", "target_entropy": "auto", "target_update_interval": 1, "action_noise": null, "use_sde": false, "optimize_memory_usage": false, "device": "cpu"}, "policy_kwargs": {"net_arch": [64, 64], "activation_fn": "torch.nn.ReLU", "n_critics": 2, "optimizer_class": "torch.optim.Adam", "optimizer_kwargs": {"betas": [0.9, 0.999], "eps": 1e-08, "weight_decay": 0}}, "accepted_optimizations": ["open_servo", "reset_once", "no_resend"], "selection_note": "functional execution candidate; standalone speed benefits not established; opening target control costs time", "control_overrides": {"implemented_in": "day9_env.install_execution_audit", "closing_search_velocity_reference_rad_sec": -0.1, "closing_feedback_hard_bound_verified": false, "search_to_hold_preserve_integral": true, "opening_target_rad": 1.3, "opening_position_tolerance_rad": 0.01, "opening_velocity_reference_cap_rad_sec": 0.1, "opening_pi": [0.75, 2.0], "opening_effort_cap_nm": 1.5, "hold_unchanged": true}}}, "code_hashes": {"analyze_day9.py": "732a6277653843666fb63e0edb79d626c5a259e146a24e419812d5d7db2a12f9", "analyze_self_occlusion.py": "021159e7da66f9dde02fc6c62abdf58864cf33a4787a53ce369de707892a46bf", "config.yaml": "e9f60a524e088d1a0fe6572a085eb5a001839e76db71d1244f9a80c90b61e54d", "day4_env.py": "710b07661208fcf8474e14ae853d5d872d3ea04cf3660f6df5350760b3b53522", "day8_check.py": "9393336635604aba50938a0adcf0f3fdee36f97cc935f85d2f1bf6441b5fe08f", "day8_env.py": "c20c8c59cfafb9ecf3d222deb621af64bddcaf8f1a29b3bde434cfa1269fc537", "day9_env.py": "1a66fc310648c9d45eac697b058b2d03438b65975d7b004ae3ed85277ac30257", "day9_training.py": "51d28abe6cc02e620db77a9c10c93f623d0de6509223dd9de3af8c57497bebf7", "generated/camera_baseline/day3_v5_robot.sdf": "7316b273a6d2bed98ddc6853af26c76470b69d0e736d11a79e04e669a76d9595", "generated/camera_baseline/day3_v5_robot.urdf": "479818df56947f89bd0bfa6db6bed642f1b892a423aa4dcbb5571c88ec469fdc", "generated/day3_v5_robot.sdf": "ede63437936c6597baf51f0f42f1d094e63750ae42616768373defc2102086e1", "generated/day3_v5_robot.urdf": "928b1da749265fd660662bb42779c37dd7d4ba5001cbed816e59bdea1a1085ef", "grasp_geometry_v5.py": "fc1815d10cbcfbb64563268a1b2e978d952b76dc85bb4da522dacc6f46a80352", "io_probe.py": "01c5cd5cc8c6817658778fbb20815a75251ec78145065ad405c7bd97f9b212cc", "manage_day8.py": "3790ff7f3621944df43d904721715a1bde15da3216fd74b024bf907bbc4cfa4c", "manage_day9.py": "a149b0fab4e8862c6fef035c894423b528f0eb2c019c1e93d9845d70ecc910e1", "moveit.launch.py": "5f4395e957478022f0bc32acbbcf1f27e565cdf793a46169005a86a1312a01b5", "moveit_v5/jetarm_6dof.srdf": "050e781b46de6e20a8e380889c80fa323864715766db22108718a7ab7a41f358", "moveit_v5/joint_limits.yaml": "34100799bd26830db251e4384988c390fcf6d52da34f7f668b9d1c78b98d4f3f", "moveit_v5/kinematics.yaml": "1501ebb454f62845ae94011e0d7cb9150185b05fbd45cffd8fec181a750182b9", "moveit_v5/launch_defaults.yaml": "9b52d3771161f749276f21709054fbb411ccddd54c479accf797c9e7e36dd4e6", "moveit_v5/moveit_controllers.yaml": "6e81d67a80a63f0db24406a99e8efc8993a3a24482c20e7c523497bce4c5248f", "moveit_v5/pilz_cartesian_limits.yaml": "fed80b213b77f13fb7b913d703609a66caa72ccb0617b41e83d3057e31749047", "moveit_v5/sensors_3d.yaml": "2da018b37e1038d2d868499d8c6cdf56b95ceda2d859eba80744ed2e7ec246c2", "perception_v5.py": "8c0cd48399360b78dd807550332ef132cc397abdb1576bad2eda2020bd322b99", "perception_v5.yaml": "927b371725cc84f6c939ec085161c6037c2ae221c309213e140dd5090ae1afad", "repair_camera.py": "86eb2db1b1236f4b72859ac8327c6c187de73e02768bc612f08c38696e838a10", "residual_env.py": "caee2ca833a1b226216a80d71be626870e055b79d16824fc35d251c8c92afd95", "run_day9.py": "53e818b9a947d6d46ade067ebd735c866541bdc76168390fff49b275bb48e89c", "run_validation.py": "28ac3bea09c5c53475ea9f33098563dcc4075fb9f557bff598cb8740ac41c1b6", "session_env.sh": "5fa52760e00d761c6d62ecbac5faf769e2610749a0242c00f95e4a370e201502", "simulations/robot_gazebo/config/robot_config.yaml": "37ec82d26af5103bd193a50325465c55b993e43c05589fbf2f6fd9a848d6c35d", "simulations/robot_gazebo/worlds/grasp_table.sdf": "c626376a90506a7f4834ec1124ad66fcc4ac8ab067fcba2964cb6508c2873d6f", "test_day9_contract.py": "881124e19ae379729dffa0012363c21944508a001fef38e91860a23caaceda18", "visual_grasp_v5.py": "6c427a085323aba690965df860ac81f7f2e0e53be9458aea3ef44405f857d4c0", "white_area.py": "72fe11ce9de3f9470851f389c908c922f1bbe692b78eddc29adfe76506795069", "white_area_check.py": "a8707b567eaba2687a0748079a2b813dbd4e160cad3b133caffe30b051cff09c", "world.launch.py": "811932079c7c959111b394aedef8eb83227fb48cc2ec911dddf603ea42cd1446", "write_review.py": "1080defad05d80afad9ef4375d011ac45547f6d38e2682281973076d5a06e93f"}, "fresh": false, "initial": "models/pilot/B_20260909/latest.json", "resolved_execution": {"method": "B", "phase": "train", "profile": "combined", "flags": ["open_servo", "reset_once", "no_resend"], "curriculum_mode": "off", "domain_mode": "off", "internal_smoke_model_loaded": false, "source_reset_attempts": 5, "effective_reset_attempts": 1, "action": "direct SAC physical action", "action_limit_m": 0.005, "yaw_limit_rad": 0.08726646259971647, "base_gain": null, "residual_scale": null, "filter_alpha": null, "confidence_fusion_gate": false, "perception_validity_threshold": 0.66, "closing_search_reference_rad_sec": -0.1, "closing_actual_hard_speed_bound_verified": false, "closing_hold_pi": [0.75, 2.0], "hold_effort_limit_nm": 0.6, "overclose_rad": 0.04, "reward": {"approach_scale": 100.0, "success": 50.0, "drop": -30.0, "collision": -30.0}, "max_steps": 20, "hold_sim_sec": 5.0, "hold_wall_sec": 5.0, "full_trajectory_completion_required": true, "physics_step_sec": 0.002}, "max_task_reset_failures_consecutive": 20, "max_scene_attempts": 6000, "max_technical_retries": 1, "validation_steps": 0, "update_budget": 2000, "checkpoint_every_steps": 200, "checkpoint_max_wall_sec": 1800}
TRIAL=000 PHASE=CHECK_INTERFACES
DAY4_RESET_GRIPPER=OPEN ANGLE_RAD=1.291923 EFFORT_NM=0.014088
DAY4_RESET_GRIPPER=AFTER_INITIAL_MOVE ANGLE_RAD=1.291154 EFFORT_NM=0.534193
TRIAL=001 VISUAL_CENTER=[0.17803898453712463, 0.035746507346630096, 0.01509696394957237] SURFACE=[0.17803898453712463, 0.035746507346630096, 0.03009696394957237] CONTOUR_DEG=0.00 AXIS_STD_DEG=0.00 FOOTPRINT=[0.03000025823712349, 0.03000025823712349] CONFIDENCE=0.9909
TRIAL=001 SELECTED_CONTOUR_ORIENTATION=+90.00deg TILT=0.0 LEAN=-1 SYMMETRY=1 IK_FK_POS_ERROR=0.000000m IK_FK_ORIENTATION_ERROR=0.000000rad FINGER_FK_LIFT=0.080000m FINGER_FK_DRIFT=0.000000m JOINT_MOTION=2.083732rad
DAY4_MOTION_DONE=1 ELAPSED_SIM=1.200 INITIAL_ERR=0.04598 FINAL_ERR=0.00069 ARM_V=0.00767
DAY4_STEP=1 EPISODE=001 STEP=01 DIST=0.026145 YAW_ERR_DEG=4.238 REQUESTED_MOVE=0.005632 EXECUTED_MOVE=0.005547 ATTEMPT=0 SUCCESS=0 TERMINATED=0 TRUNCATED=0
DAY4_MOTION_DONE=1 ELAPSED_SIM=1.256 INITIAL_ERR=0.05768 FINAL_ERR=0.00057 ARM_V=0.00632
DAY4_STEP=1 EPISODE=001 STEP=02 DIST=0.025462 YAW_ERR_DEG=2.269 REQUESTED_MOVE=0.005555 EXECUTED_MOVE=0.005501 ATTEMPT=0 SUCCESS=0 TERMINATED=0 TRUNCATED=0
DAY4_MOTION_DONE=1 ELAPSED_SIM=1.200 INITIAL_ERR=0.03736 FINAL_ERR=0.00056 ARM_V=0.00623
DAY4_STEP=1 EPISODE=001 STEP=03 DIST=0.024005 YAW_ERR_DEG=3.254 REQUESTED_MOVE=0.005694 EXECUTED_MOVE=0.005609 ATTEMPT=0 SUCCESS=0 TERMINATED=0 TRUNCATED=0
DAY4_MOTION_DONE=1 ELAPSED_SIM=1.200 INITIAL_ERR=0.03148 FINAL_ERR=0.00047 ARM_V=0.00525
DAY4_STEP=1 EPISODE=001 STEP=04 DIST=0.029314 YAW_ERR_DEG=6.587 REQUESTED_MOVE=0.006160 EXECUTED_MOVE=0.006068 ATTEMPT=0 SUCCESS=0 TERMINATED=0 TRUNCATED=0
DAY4_MOTION_DONE=1 ELAPSED_SIM=1.202 INITIAL_ERR=0.03620 FINAL_ERR=0.00049 ARM_V=0.00544
DAY4_STEP=1 EPISODE=001 STEP=05 DIST=0.027062 YAW_ERR_DEG=5.252 REQUESTED_MOVE=0.003133 EXECUTED_MOVE=0.003090 ATTEMPT=0 SUCCESS=0 TERMINATED=0 TRUNCATED=0
DAY4_MOTION_DONE=1 ELAPSED_SIM=1.240 INITIAL_ERR=0.06017 FINAL_ERR=0.00053 ARM_V=0.00592
DAY4_STEP=1 EPISODE=001 STEP=06 DIST=0.024349 YAW_ERR_DEG=2.589 REQUESTED_MOVE=0.006303 EXECUTED_MOVE=0.006247 ATTEMPT=0 SUCCESS=0 TERMINATED=0 TRUNCATED=0
DAY4_MOTION_DONE=1 ELAPSED_SIM=1.268 INITIAL_ERR=0.07088 FINAL_ERR=0.00057 ARM_V=0.00629
DAY4_STEP=1 EPISODE=001 STEP=07 DIST=0.025843 YAW_ERR_DEG=7.435 REQUESTED_MOVE=0.003323 EXECUTED_MOVE=0.003296 ATTEMPT=0 SUCCESS=0 TERMINATED=0 TRUNCATED=0
DAY4_MOTION_DONE=1 ELAPSED_SIM=1.202 INITIAL_ERR=0.03201 FINAL_ERR=0.00043 ARM_V=0.00481
DAY4_STEP=1 EPISODE=001 STEP=08 DIST=0.029375 YAW_ERR_DEG=6.604 REQUESTED_MOVE=0.003768 EXECUTED_MOVE=0.003717 ATTEMPT=0 SUCCESS=0 TERMINATED=0 TRUNCATED=0
DAY4_MOTION_DONE=1 ELAPSED_SIM=1.250 INITIAL_ERR=0.06494 FINAL_ERR=0.00058 ARM_V=0.00640
DAY4_STEP=1 EPISODE=001 STEP=09 DIST=0.035111 YAW_ERR_DEG=11.263 REQUESTED_MOVE=0.006061 EXECUTED_MOVE=0.006008 ATTEMPT=0 SUCCESS=0 TERMINATED=0 TRUNCATED=0
DAY4_MOTION_DONE=1 ELAPSED_SIM=1.200 INITIAL_ERR=0.03911 FINAL_ERR=0.00053 ARM_V=0.00586
DAY4_STEP=1 EPISODE=001 STEP=10 DIST=0.038717 YAW_ERR_DEG=14.495 REQUESTED_MOVE=0.006612 EXECUTED_MOVE=0.006524 ATTEMPT=0 SUCCESS=0 TERMINATED=0 TRUNCATED=0
DAY4_MOTION_DONE=1 ELAPSED_SIM=1.280 INITIAL_ERR=0.08981 FINAL_ERR=0.00052 ARM_V=0.00581
DAY4_STEP=1 EPISODE=001 STEP=11 DIST=0.044746 YAW_ERR_DEG=10.842 REQUESTED_MOVE=0.006889 EXECUTED_MOVE=0.006849 ATTEMPT=0 SUCCESS=0 TERMINATED=0 TRUNCATED=0
DAY4_MOTION_DONE=1 ELAPSED_SIM=1.200 INITIAL_ERR=0.03849 FINAL_ERR=0.00052 ARM_V=0.00577
DAY4_STEP=1 EPISODE=001 STEP=12 DIST=0.045776 YAW_ERR_DEG=8.864 REQUESTED_MOVE=0.001542 EXECUTED_MOVE=0.001522 ATTEMPT=0 SUCCESS=0 TERMINATED=0 TRUNCATED=0
DAY4_MOTION_DONE=1 ELAPSED_SIM=1.266 INITIAL_ERR=0.07972 FINAL_ERR=0.00057 ARM_V=0.00636
DAY4_STEP=1 EPISODE=001 STEP=13 DIST=0.050356 YAW_ERR_DEG=5.533 REQUESTED_MOVE=0.006710 EXECUTED_MOVE=0.006662 ATTEMPT=0 SUCCESS=0 TERMINATED=0 TRUNCATED=0
DAY4_MOTION_DONE=1 ELAPSED_SIM=1.244 INITIAL_ERR=0.06034 FINAL_ERR=0.00059 ARM_V=0.00660
DAY4_STEP=1 EPISODE=001 STEP=14 DIST=0.050937 YAW_ERR_DEG=2.677 REQUESTED_MOVE=0.004219 EXECUTED_MOVE=0.004177 ATTEMPT=0 SUCCESS=0 TERMINATED=0 TRUNCATED=0
DAY4_MOTION_DONE=1 ELAPSED_SIM=1.200 INITIAL_ERR=0.02412 FINAL_ERR=0.00061 ARM_V=0.00680
DAY4_STEP=1 EPISODE=001 STEP=15 DIST=0.051818 YAW_ERR_DEG=2.020 REQUESTED_MOVE=0.002844 EXECUTED_MOVE=0.002772 ATTEMPT=0 SUCCESS=0 TERMINATED=0 TRUNCATED=0
DAY4_MOTION_DONE=1 ELAPSED_SIM=1.260 INITIAL_ERR=0.05875 FINAL_ERR=0.00052 ARM_V=0.00578
DAY4_STEP=1 EPISODE=001 STEP=16 DIST=0.050589 YAW_ERR_DEG=2.247 REQUESTED_MOVE=0.004143 EXECUTED_MOVE=0.004106 ATTEMPT=0 SUCCESS=0 TERMINATED=0 TRUNCATED=0
DAY4_MOTION_DONE=1 ELAPSED_SIM=1.244 INITIAL_ERR=0.07272 FINAL_ERR=0.00058 ARM_V=0.00644
DAY4_STEP=1 EPISODE=001 STEP=17 DIST=0.050212 YAW_ERR_DEG=5.882 REQUESTED_MOVE=0.003219 EXECUTED_MOVE=0.003193 ATTEMPT=0 SUCCESS=0 TERMINATED=0 TRUNCATED=0
DAY4_MOTION_DONE=1 ELAPSED_SIM=1.256 INITIAL_ERR=0.06764 FINAL_ERR=0.00060 ARM_V=0.00666
DAY4_STEP=1 EPISODE=001 STEP=18 DIST=0.053177 YAW_ERR_DEG=8.141 REQUESTED_MOVE=0.006639 EXECUTED_MOVE=0.006581 ATTEMPT=0 SUCCESS=0 TERMINATED=0 TRUNCATED=0
DAY4_MOTION_DONE=1 ELAPSED_SIM=1.200 INITIAL_ERR=0.04758 FINAL_ERR=0.00079 ARM_V=0.00882
DAY4_STEP=1 EPISODE=001 STEP=19 DIST=0.053152 YAW_ERR_DEG=6.255 REQUESTED_MOVE=0.004579 EXECUTED_MOVE=0.004503 ATTEMPT=0 SUCCESS=0 TERMINATED=0 TRUNCATED=0
DAY4_MOTION_DONE=1 ELAPSED_SIM=1.276 INITIAL_ERR=0.08980 FINAL_ERR=0.00058 ARM_V=0.00644
DAY4_STEP=1 EPISODE=001 STEP=20 DIST=0.053830 YAW_ERR_DEG=1.954 REQUESTED_MOVE=0.006433 EXECUTED_MOVE=0.006392 ATTEMPT=0 SUCCESS=0 TERMINATED=0 TRUNCATED=1
DAY4_RESET_GRIPPER=OPEN ANGLE_RAD=1.291179 EFFORT_NM=0.554541
DAY4_RESET_GRIPPER=AFTER_INITIAL_MOVE ANGLE_RAD=1.304356 EFFORT_NM=0.534397
TRIAL=002 VISUAL_CENTER=[0.23230870068073273, 0.05896479496732354, 0.01510266363896251] SURFACE=[0.23230870068073273, 0.05896479496732354, 0.03010266363896251] CONTOUR_DEG=0.00 AXIS_STD_DEG=0.00 FOOTPRINT=[0.029990656301379204, 0.029990656301379204] CONFIDENCE=0.9938
TRIAL=002 PHASE=OPEN_GRIPPER
TRIAL=002 PHASE=RETURN_OBSERVATION
DAY4_RESET_GRIPPER=OPEN ANGLE_RAD=1.291232 EFFORT_NM=0.534148
DAY4_RESET_GRIPPER=AFTER_INITIAL_MOVE ANGLE_RAD=1.298065 EFFORT_NM=0.531556
TRIAL=003 VISUAL_CENTER=[0.16474603861570358, -0.030755693092942238, 0.015095479965145167] SURFACE=[0.16474603861570358, -0.030755693092942238, 0.030095479965145167] CONTOUR_DEG=0.00 AXIS_STD_DEG=0.00 FOOTPRINT=[0.029980985447764397, 0.029980985447764397] CONFIDENCE=0.9939
TRIAL=003 SELECTED_CONTOUR_ORIENTATION=+90.00deg TILT=0.0 LEAN=-1 SYMMETRY=1 IK_FK_POS_ERROR=0.000000m IK_FK_ORIENTATION_ERROR=0.000000rad FINGER_FK_LIFT=0.080000m FINGER_FK_DRIFT=0.000000m JOINT_MOTION=2.001353rad
DAY4_MOTION_DONE=1 ELAPSED_SIM=1.270 INITIAL_ERR=0.07306 FINAL_ERR=0.00058 ARM_V=0.00648
DAY4_STEP=1 EPISODE=003 STEP=01 DIST=0.021815 YAW_ERR_DEG=0.576 REQUESTED_MOVE=0.008078 EXECUTED_MOVE=0.008013 ATTEMPT=0 SUCCESS=0 TERMINATED=0 TRUNCATED=0
DAY4_MOTION_DONE=1 ELAPSED_SIM=1.202 INITIAL_ERR=0.03572 FINAL_ERR=0.00054 ARM_V=0.00596
DAY4_STEP=1 EPISODE=003 STEP=02 DIST=0.019921 YAW_ERR_DEG=2.092 REQUESTED_MOVE=0.004758 EXECUTED_MOVE=0.004686 ATTEMPT=0 SUCCESS=0 TERMINATED=0 TRUNCATED=0
DAY4_MOTION_DONE=1 ELAPSED_SIM=1.244 INITIAL_ERR=0.06721 FINAL_ERR=0.00060 ARM_V=0.00662
DAY4_STEP=1 EPISODE=003 STEP=03 DIST=0.016794 YAW_ERR_DEG=4.036 REQUESTED_MOVE=0.006689 EXECUTED_MOVE=0.006630 ATTEMPT=0 SUCCESS=0 TERMINATED=0 TRUNCATED=0
DAY4_MOTION_DONE=1 ELAPSED_SIM=1.200 INITIAL_ERR=0.03452 FINAL_ERR=0.00058 ARM_V=0.00640
DAY4_STEP=1 EPISODE=003 STEP=04 DIST=0.016906 YAW_ERR_DEG=4.501 REQUESTED_MOVE=0.003703 EXECUTED_MOVE=0.003641 ATTEMPT=0 SUCCESS=0 TERMINATED=0 TRUNCATED=0
DAY4_MOTION_DONE=1 ELAPSED_SIM=1.308 INITIAL_ERR=0.10668 FINAL_ERR=0.00056 ARM_V=0.00620
DAY4_STEP=1 EPISODE=003 STEP=05 DIST=0.017608 YAW_ERR_DEG=9.418 REQUESTED_MOVE=0.003897 EXECUTED_MOVE=0.003877 ATTEMPT=0 SUCCESS=0 TERMINATED=0 TRUNCATED=0
DAY4_MOTION_DONE=1 ELAPSED_SIM=1.276 INITIAL_ERR=0.07656 FINAL_ERR=0.00049 ARM_V=0.00550
DAY4_STEP=1 EPISODE=003 STEP=06 DIST=0.020132 YAW_ERR_DEG=5.263 REQUESTED_MOVE=0.002761 EXECUTED_MOVE=0.002743 ATTEMPT=0 SUCCESS=0 TERMINATED=0 TRUNCATED=0
DAY4_MOTION_DONE=1 ELAPSED_SIM=1.202 INITIAL_ERR=0.04294 FINAL_ERR=0.00058 ARM_V=0.00645
DAY4_STEP=1 EPISODE=003 STEP=07 DIST=0.023555 YAW_ERR_DEG=8.296 REQUESTED_MOVE=0.004466 EXECUTED_MOVE=0.004406 ATTEMPT=0 SUCCESS=0 TERMINATED=0 TRUNCATED=0
DAY4_MOTION_DONE=1 ELAPSED_SIM=1.308 INITIAL_ERR=0.07574 FINAL_ERR=0.00060 ARM_V=0.00671
DAY4_STEP=1 EPISODE=003 STEP=08 DIST=0.022926 YAW_ERR_DEG=12.044 REQUESTED_MOVE=0.001901 EXECUTED_MOVE=0.001886 ATTEMPT=0 SUCCESS=0 TERMINATED=0 TRUNCATED=0
DAY4_MOTION_DONE=1 ELAPSED_SIM=1.200 INITIAL_ERR=0.00708 FINAL_ERR=0.00011 ARM_V=0.00118
DAY4_STEP=1 EPISODE=003 STEP=09 DIST=0.021736 YAW_ERR_DEG=12.092 REQUESTED_MOVE=0.001328 EXECUTED_MOVE=0.001308 ATTEMPT=0 SUCCESS=0 TERMINATED=0 TRUNCATED=0
DAY4_MOTION_DONE=1 ELAPSED_SIM=1.240 INITIAL_ERR=0.05954 FINAL_ERR=0.00053 ARM_V=0.00586
DAY4_STEP=1 EPISODE=003 STEP=10 DIST=0.022907 YAW_ERR_DEG=14.656 REQUESTED_MOVE=0.003910 EXECUTED_MOVE=0.003876 ATTEMPT=0 SUCCESS=0 TERMINATED=0 TRUNCATED=0
DAY4_MOTION_DONE=1 ELAPSED_SIM=1.202 INITIAL_ERR=0.03715 FINAL_ERR=0.00050 ARM_V=0.00557
DAY4_STEP=1 EPISODE=003 STEP=11 DIST=0.024341 YAW_ERR_DEG=15.055 REQUESTED_MOVE=0.005311 EXECUTED_MOVE=0.005240 ATTEMPT=0 SUCCESS=0 TERMINATED=0 TRUNCATED=0
DAY4_MOTION_DONE=1 ELAPSED_SIM=1.200 INITIAL_ERR=0.04944 FINAL_ERR=0.00092 ARM_V=0.01018
DAY4_STEP=1 EPISODE=003 STEP=12 DIST=0.025822 YAW_ERR_DEG=12.606 REQUESTED_MOVE=0.004626 EXECUTED_MOVE=0.004541 ATTEMPT=0 SUCCESS=0 TERMINATED=0 TRUNCATED=0
DAY4_MOTION_DONE=1 ELAPSED_SIM=1.290 INITIAL_ERR=0.08376 FINAL_ERR=0.00060 ARM_V=0.00668
DAY4_STEP=1 EPISODE=003 STEP=13 DIST=0.026990 YAW_ERR_DEG=8.668 REQUESTED_MOVE=0.004044 EXECUTED_MOVE=0.004015 ATTEMPT=0 SUCCESS=0 TERMINATED=0 TRUNCATED=0
DAY4_MOTION_DONE=1 ELAPSED_SIM=1.304 INITIAL_ERR=0.08290 FINAL_ERR=0.00054 ARM_V=0.00595
DAY4_STEP=1 EPISODE=003 STEP=14 DIST=0.032572 YAW_ERR_DEG=13.112 REQUESTED_MOVE=0.005884 EXECUTED_MOVE=0.005846 ATTEMPT=0 SUCCESS=0 TERMINATED=0 TRUNCATED=0
DAY4_MOTION_DONE=1 ELAPSED_SIM=1.202 INITIAL_ERR=0.01845 FINAL_ERR=0.00025 ARM_V=0.00277
DAY4_STEP=1 EPISODE=003 STEP=15 DIST=0.035099 YAW_ERR_DEG=11.531 REQUESTED_MOVE=0.003708 EXECUTED_MOVE=0.003658 ATTEMPT=0 SUCCESS=0 TERMINATED=0 TRUNCATED=0
DAY4_MOTION_DONE=1 ELAPSED_SIM=1.200 INITIAL_ERR=0.03520 FINAL_ERR=0.00059 ARM_V=0.00652
DAY4_STEP=1 EPISODE=003 STEP=16 DIST=0.032908 YAW_ERR_DEG=10.503 REQUESTED_MOVE=0.004625 EXECUTED_MOVE=0.004548 ATTEMPT=0 SUCCESS=0 TERMINATED=0 TRUNCATED=0
DAY4_MOTION_DONE=1 ELAPSED_SIM=1.202 INITIAL_ERR=0.04748 FINAL_ERR=0.00071 ARM_V=0.00793
DAY4_STEP=1 EPISODE=003 STEP=17 DIST=0.033930 YAW_ERR_DEG=14.027 REQUESTED_MOVE=0.003297 EXECUTED_MOVE=0.003248 ATTEMPT=0 SUCCESS=0 TERMINATED=0 TRUNCATED=0
DAY4_MOTION_DONE=1 ELAPSED_SIM=1.278 INITIAL_ERR=0.07000 FINAL_ERR=0.00050 ARM_V=0.00558
DAY4_STEP=1 EPISODE=003 STEP=18 DIST=0.034091 YAW_ERR_DEG=18.962 REQUESTED_MOVE=0.004996 EXECUTED_MOVE=0.004960 ATTEMPT=0 SUCCESS=0 TERMINATED=0 TRUNCATED=0
DAY4_MOTION_DONE=1 ELAPSED_SIM=1.202 INITIAL_ERR=0.03434 FINAL_ERR=0.00052 ARM_V=0.00573
DAY4_STEP=1 EPISODE=003 STEP=19 DIST=0.037701 YAW_ERR_DEG=16.701 REQUESTED_MOVE=0.004138 EXECUTED_MOVE=0.004076 ATTEMPT=0 SUCCESS=0 TERMINATED=0 TRUNCATED=0
DAY4_MOTION_DONE=1 ELAPSED_SIM=1.202 INITIAL_ERR=0.04415 FINAL_ERR=0.00082 ARM_V=0.00908
DAY4_STEP=1 EPISODE=003 STEP=20 DIST=0.035024 YAW_ERR_DEG=12.831 REQUESTED_MOVE=0.005475 EXECUTED_MOVE=0.005374 ATTEMPT=0 SUCCESS=0 TERMINATED=0 TRUNCATED=1
DAY4_RESET_GRIPPER=OPEN ANGLE_RAD=1.291243 EFFORT_NM=0.539098
DAY4_RESET_GRIPPER=AFTER_INITIAL_MOVE ANGLE_RAD=1.300162 EFFORT_NM=0.535888
TRIAL=004 VISUAL_CENTER=[0.17291191220283508, -0.002463569864630699, 0.015096791051201083] SURFACE=[0.17291191220283508, -0.002463569864630699, 0.030096791051201083] CONTOUR_DEG=-0.00 AXIS_STD_DEG=0.00 FOOTPRINT=[0.029978394508361816, 0.029978394508361816] CONFIDENCE=0.9906
TRIAL=004 SELECTED_CONTOUR_ORIENTATION=+90.00deg TILT=0.0 LEAN=-1 SYMMETRY=1 IK_FK_POS_ERROR=0.000000m IK_FK_ORIENTATION_ERROR=0.000000rad FINGER_FK_LIFT=0.080000m FINGER_FK_DRIFT=0.000000m JOINT_MOTION=1.958440rad
DAY4_MOTION_DONE=1 ELAPSED_SIM=1.276 INITIAL_ERR=0.07299 FINAL_ERR=0.00052 ARM_V=0.00582
DAY4_STEP=1 EPISODE=004 STEP=01 DIST=0.023006 YAW_ERR_DEG=3.459 REQUESTED_MOVE=0.005507 EXECUTED_MOVE=0.005467 ATTEMPT=0 SUCCESS=0 TERMINATED=0 TRUNCATED=0
DAY4_MOTION_DONE=1 ELAPSED_SIM=1.202 INITIAL_ERR=0.03697 FINAL_ERR=0.00055 ARM_V=0.00616
DAY4_STEP=1 EPISODE=004 STEP=02 DIST=0.023320 YAW_ERR_DEG=4.020 REQUESTED_MOVE=0.004391 EXECUTED_MOVE=0.004325 ATTEMPT=0 SUCCESS=0 TERMINATED=0 TRUNCATED=0
DAY4_MOTION_DONE=1 ELAPSED_SIM=1.248 INITIAL_ERR=0.06493 FINAL_ERR=0.00058 ARM_V=0.00639
DAY4_STEP=1 EPISODE=004 STEP=03 DIST=0.026185 YAW_ERR_DEG=0.466 REQUESTED_MOVE=0.003817 EXECUTED_MOVE=0.003783 ATTEMPT=0 SUCCESS=0 TERMINATED=0 TRUNCATED=0
DAY4_MOTION_DONE=1 ELAPSED_SIM=1.280 INITIAL_ERR=0.09138 FINAL_ERR=0.00053 ARM_V=0.00590
DAY4_STEP=1 EPISODE=004 STEP=04 DIST=0.027794 YAW_ERR_DEG=4.177 REQUESTED_MOVE=0.005674 EXECUTED_MOVE=0.005641 ATTEMPT=0 SUCCESS=0 TERMINATED=0 TRUNCATED=0
DAY4_MOTION_DONE=1 ELAPSED_SIM=1.252 INITIAL_ERR=0.07394 FINAL_ERR=0.00059 ARM_V=0.00656
DAY4_STEP=1 EPISODE=004 STEP=05 DIST=0.028950 YAW_ERR_DEG=1.060 REQUESTED_MOVE=0.004519 EXECUTED_MOVE=0.004483 ATTEMPT=0 SUCCESS=0 TERMINATED=0 TRUNCATED=0
DAY4_MOTION_DONE=1 ELAPSED_SIM=1.200 INITIAL_ERR=0.04453 FINAL_ERR=0.00074 ARM_V=0.00824
DAY4_STEP=1 EPISODE=004 STEP=06 DIST=0.030056 YAW_ERR_DEG=2.863 REQUESTED_MOVE=0.005546 EXECUTED_MOVE=0.005453 ATTEMPT=0 SUCCESS=0 TERMINATED=0 TRUNCATED=0
DAY4_MOTION_DONE=1 ELAPSED_SIM=1.202 INITIAL_ERR=0.02665 FINAL_ERR=0.00040 ARM_V=0.00445
DAY4_STEP=1 EPISODE=004 STEP=07 DIST=0.028892 YAW_ERR_DEG=2.781 REQUESTED_MOVE=0.004823 EXECUTED_MOVE=0.004751 ATTEMPT=0 SUCCESS=0 TERMINATED=0 TRUNCATED=0
DAY4_MOTION_DONE=1 ELAPSED_SIM=1.262 INITIAL_ERR=0.06377 FINAL_ERR=0.00051 ARM_V=0.00565
DAY4_STEP=1 EPISODE=004 STEP=08 DIST=0.026610 YAW_ERR_DEG=5.444 REQUESTED_MOVE=0.006460 EXECUTED_MOVE=0.006408 ATTEMPT=0 SUCCESS=0 TERMINATED=0 TRUNCATED=0
DAY4_MOTION_DONE=1 ELAPSED_SIM=1.270 INITIAL_ERR=0.07404 FINAL_ERR=0.00059 ARM_V=0.00656
DAY4_STEP=1 EPISODE=004 STEP=09 DIST=0.031810 YAW_ERR_DEG=2.895 REQUESTED_MOVE=0.006765 EXECUTED_MOVE=0.006711 ATTEMPT=0 SUCCESS=0 TERMINATED=0 TRUNCATED=0
DAY4_MOTION_DONE=1 ELAPSED_SIM=1.200 INITIAL_ERR=0.04704 FINAL_ERR=0.00087 ARM_V=0.00968
DAY4_STEP=1 EPISODE=004 STEP=10 DIST=0.029622 YAW_ERR_DEG=0.631 REQUESTED_MOVE=0.003412 EXECUTED_MOVE=0.003348 ATTEMPT=0 SUCCESS=0 TERMINATED=0 TRUNCATED=0
DAY4_MOTION_DONE=1 ELAPSED_SIM=1.250 INITIAL_ERR=0.06276 FINAL_ERR=0.00050 ARM_V=0.00556
DAY4_STEP=1 EPISODE=004 STEP=11 DIST=0.030080 YAW_ERR_DEG=3.447 REQUESTED_MOVE=0.002960 EXECUTED_MOVE=0.002936 ATTEMPT=0 SUCCESS=0 TERMINATED=0 TRUNCATED=0
DAY4_MOTION_DONE=1 ELAPSED_SIM=1.202 INITIAL_ERR=0.04445 FINAL_ERR=0.00067 ARM_V=0.00741
DAY4_STEP=1 EPISODE=004 STEP=12 DIST=0.031353 YAW_ERR_DEG=4.568 REQUESTED_MOVE=0.004324 EXECUTED_MOVE=0.004260 ATTEMPT=0 SUCCESS=0 TERMINATED=0 TRUNCATED=0
DAY4_MOTION_DONE=1 ELAPSED_SIM=1.226 INITIAL_ERR=0.05076 FINAL_ERR=0.00050 ARM_V=0.00556
DAY4_STEP=1 EPISODE=004 STEP=13 DIST=0.029979 YAW_ERR_DEG=0.210 REQUESTED_MOVE=0.007295 EXECUTED_MOVE=0.007223 ATTEMPT=0 SUCCESS=0 TERMINATED=0 TRUNCATED=0
DAY4_MOTION_DONE=1 ELAPSED_SIM=1.202 INITIAL_ERR=0.04490 FINAL_ERR=0.00061 ARM_V=0.00675
DAY4_STEP=1 EPISODE=004 STEP=14 DIST=0.027664 YAW_ERR_DEG=4.051 REQUESTED_MOVE=0.005013 EXECUTED_MOVE=0.004945 ATTEMPT=0 SUCCESS=0 TERMINATED=0 TRUNCATED=0
DAY4_MOTION_DONE=1 ELAPSED_SIM=1.202 INITIAL_ERR=0.04680 FINAL_ERR=0.00070 ARM_V=0.00780
DAY4_STEP=1 EPISODE=004 STEP=15 DIST=0.027870 YAW_ERR_DEG=5.956 REQUESTED_MOVE=0.004892 EXECUTED_MOVE=0.004820 ATTEMPT=0 SUCCESS=0 TERMINATED=0 TRUNCATED=0
DAY4_MOTION_DONE=1 ELAPSED_SIM=1.256 INITIAL_ERR=0.07343 FINAL_ERR=0.00059 ARM_V=0.00651
DAY4_STEP=1 EPISODE=004 STEP=16 DIST=0.033141 YAW_ERR_DEG=9.338 REQUESTED_MOVE=0.005400 EXECUTED_MOVE=0.005357 ATTEMPT=0 SUCCESS=0 TERMINATED=0 TRUNCATED=0
DAY4_MOTION_DONE=1 ELAPSED_SIM=1.258 INITIAL_ERR=0.07130 FINAL_ERR=0.00051 ARM_V=0.00569
DAY4_STEP=1 EPISODE=004 STEP=17 DIST=0.031127 YAW_ERR_DEG=4.479 REQUESTED_MOVE=0.004932 EXECUTED_MOVE=0.004897 ATTEMPT=0 SUCCESS=0 TERMINATED=0 TRUNCATED=0
DAY4_MOTION_DONE=1 ELAPSED_SIM=1.200 INITIAL_ERR=0.04476 FINAL_ERR=0.00067 ARM_V=0.00746
DAY4_STEP=1 EPISODE=004 STEP=18 DIST=0.035379 YAW_ERR_DEG=0.883 REQUESTED_MOVE=0.004571 EXECUTED_MOVE=0.004503 ATTEMPT=0 SUCCESS=0 TERMINATED=0 TRUNCATED=0
DAY4_MOTION_DONE=1 ELAPSED_SIM=1.274 INITIAL_ERR=0.07659 FINAL_ERR=0.00055 ARM_V=0.00611
DAY4_STEP=1 EPISODE=004 STEP=19 DIST=0.038442 YAW_ERR_DEG=4.742 REQUESTED_MOVE=0.005155 EXECUTED_MOVE=0.005119 ATTEMPT=0 SUCCESS=0 TERMINATED=0 TRUNCATED=0
DAY4_MOTION_DONE=1 ELAPSED_SIM=1.272 INITIAL_ERR=0.07926 FINAL_ERR=0.00057 ARM_V=0.00632
DAY4_STEP=1 EPISODE=004 STEP=20 DIST=0.038507 YAW_ERR_DEG=0.534 REQUESTED_MOVE=0.003391 EXECUTED_MOVE=0.003367 ATTEMPT=0 SUCCESS=0 TERMINATED=0 TRUNCATED=1
DAY4_RESET_GRIPPER=OPEN ANGLE_RAD=1.291159 EFFORT_NM=0.554098
DAY4_RESET_GRIPPER=AFTER_INITIAL_MOVE ANGLE_RAD=1.304166 EFFORT_NM=0.535202
TRIAL=005 PHASE=OPEN_GRIPPER
TRIAL=005 PHASE=RETURN_OBSERVATION
DAY4_RESET_GRIPPER=OPEN ANGLE_RAD=1.291208 EFFORT_NM=0.534142
DAY4_RESET_GRIPPER=AFTER_INITIAL_MOVE ANGLE_RAD=1.298057 EFFORT_NM=0.531541
TRIAL=006 VISUAL_CENTER=[0.190703347325325, 0.014698346145451069, 0.015098643213334997] SURFACE=[0.190703347325325, 0.014698346145451069, 0.030098643213334997] CONTOUR_DEG=0.00 AXIS_STD_DEG=0.00 FOOTPRINT=[0.02994626760482788, 0.02994626760482788] CONFIDENCE=0.9963
TRIAL=006 SELECTED_CONTOUR_ORIENTATION=+90.00deg TILT=0.0 LEAN=-1 SYMMETRY=1 IK_FK_POS_ERROR=0.000000m IK_FK_ORIENTATION_ERROR=0.000000rad FINGER_FK_LIFT=0.080000m FINGER_FK_DRIFT=0.000000m JOINT_MOTION=2.132843rad
DAY4_MOTION_DONE=1 ELAPSED_SIM=1.202 INITIAL_ERR=0.03205 FINAL_ERR=0.00043 ARM_V=0.00481
DAY4_STEP=1 EPISODE=006 STEP=01 DIST=0.020877 YAW_ERR_DEG=0.009 REQUESTED_MOVE=0.006891 EXECUTED_MOVE=0.006798 ATTEMPT=0 SUCCESS=0 TERMINATED=0 TRUNCATED=0
DAY4_MOTION_DONE=1 ELAPSED_SIM=1.200 INITIAL_ERR=0.04938 FINAL_ERR=0.00074 ARM_V=0.00823
DAY4_STEP=1 EPISODE=006 STEP=02 DIST=0.023893 YAW_ERR_DEG=1.845 REQUESTED_MOVE=0.004196 EXECUTED_MOVE=0.004133 ATTEMPT=0 SUCCESS=0 TERMINATED=0 TRUNCATED=0
DAY4_MOTION_DONE=1 ELAPSED_SIM=1.200 INITIAL_ERR=0.04524 FINAL_ERR=0.00068 ARM_V=0.00755
DAY4_STEP=1 EPISODE=006 STEP=03 DIST=0.021043 YAW_ERR_DEG=1.129 REQUESTED_MOVE=0.005895 EXECUTED_MOVE=0.005806 ATTEMPT=0 SUCCESS=0 TERMINATED=0 TRUNCATED=0
DAY4_MOTION_DONE=1 ELAPSED_SIM=1.260 INITIAL_ERR=0.08039 FINAL_ERR=0.00058 ARM_V=0.00642
DAY4_STEP=1 EPISODE=006 STEP=04 DIST=0.021321 YAW_ERR_DEG=1.992 REQUESTED_MOVE=0.006512 EXECUTED_MOVE=0.006465 ATTEMPT=0 SUCCESS=0 TERMINATED=0 TRUNCATED=0
DAY4_MOTION_DONE=1 ELAPSED_SIM=1.202 INITIAL_ERR=0.02846 FINAL_ERR=0.00038 ARM_V=0.00427
DAY4_STEP=1 EPISODE=006 STEP=05 DIST=0.024060 YAW_ERR_DEG=2.095 REQUESTED_MOVE=0.005437 EXECUTED_MOVE=0.005364 ATTEMPT=0 SUCCESS=0 TERMINATED=0 TRUNCATED=0
DAY4_MOTION_DONE=1 ELAPSED_SIM=1.276 INITIAL_ERR=0.09310 FINAL_ERR=0.00054 ARM_V=0.00602
DAY4_STEP=1 EPISODE=006 STEP=06 DIST=0.022659 YAW_ERR_DEG=2.396 REQUESTED_MOVE=0.003286 EXECUTED_MOVE=0.003267 ATTEMPT=0 SUCCESS=0 TERMINATED=0 TRUNCATED=0
DAY4_MOTION_DONE=1 ELAPSED_SIM=1.254 INITIAL_ERR=0.06847 FINAL_ERR=0.00055 ARM_V=0.00606
DAY4_STEP=1 EPISODE=006 STEP=07 DIST=0.024010 YAW_ERR_DEG=6.524 REQUESTED_MOVE=0.001466 EXECUTED_MOVE=0.001454 ATTEMPT=0 SUCCESS=0 TERMINATED=0 TRUNCATED=0
DAY4_MOTION_DONE=1 ELAPSED_SIM=1.202 INITIAL_ERR=0.03775 FINAL_ERR=0.00057 ARM_V=0.00629
DAY4_STEP=1 EPISODE=006 STEP=08 DIST=0.024179 YAW_ERR_DEG=7.037 REQUESTED_MOVE=0.005603 EXECUTED_MOVE=0.005518 ATTEMPT=0 SUCCESS=0 TERMINATED=0 TRUNCATED=0
DAY4_MOTION_DONE=1 ELAPSED_SIM=1.270 INITIAL_ERR=0.08300 FINAL_ERR=0.00054 ARM_V=0.00596
DAY4_STEP=1 EPISODE=006 STEP=09 DIST=0.029243 YAW_ERR_DEG=3.450 REQUESTED_MOVE=0.005356 EXECUTED_MOVE=0.005321 ATTEMPT=0 SUCCESS=0 TERMINATED=0 TRUNCATED=0
DAY4_MOTION_DONE=1 ELAPSED_SIM=1.202 INITIAL_ERR=0.02733 FINAL_ERR=0.00037 ARM_V=0.00410
DAY4_STEP=1 EPISODE=006 STEP=10 DIST=0.035361 YAW_ERR_DEG=5.940 REQUESTED_MOVE=0.006600 EXECUTED_MOVE=0.006511 ATTEMPT=0 SUCCESS=0 TERMINATED=0 TRUNCATED=0
DAY4_MOTION_DONE=1 ELAPSED_SIM=1.230 INITIAL_ERR=0.05160 FINAL_ERR=0.00051 ARM_V=0.00564
DAY4_STEP=1 EPISODE=006 STEP=11 DIST=0.034001 YAW_ERR_DEG=8.793 REQUESTED_MOVE=0.002376 EXECUTED_MOVE=0.002353 ATTEMPT=0 SUCCESS=0 TERMINATED=0 TRUNCATED=0
DAY4_MOTION_DONE=1 ELAPSED_SIM=1.202 INITIAL_ERR=0.03543 FINAL_ERR=0.00048 ARM_V=0.00531
DAY4_STEP=1 EPISODE=006 STEP=12 DIST=0.036463 YAW_ERR_DEG=12.199 REQUESTED_MOVE=0.005831 EXECUTED_MOVE=0.005752 ATTEMPT=0 SUCCESS=0 TERMINATED=0 TRUNCATED=0
DAY4_MOTION_DONE=1 ELAPSED_SIM=1.248 INITIAL_ERR=0.06581 FINAL_ERR=0.00058 ARM_V=0.00648
DAY4_STEP=1 EPISODE=006 STEP=13 DIST=0.034889 YAW_ERR_DEG=15.070 REQUESTED_MOVE=0.004889 EXECUTED_MOVE=0.004846 ATTEMPT=0 SUCCESS=0 TERMINATED=0 TRUNCATED=0
DAY4_MOTION_DONE=1 ELAPSED_SIM=1.238 INITIAL_ERR=0.05574 FINAL_ERR=0.00049 ARM_V=0.00549
DAY4_STEP=1 EPISODE=006 STEP=14 DIST=0.036259 YAW_ERR_DEG=12.918 REQUESTED_MOVE=0.005191 EXECUTED_MOVE=0.005145 ATTEMPT=0 SUCCESS=0 TERMINATED=0 TRUNCATED=0
DAY4_MOTION_DONE=1 ELAPSED_SIM=1.262 INITIAL_ERR=0.07410 FINAL_ERR=0.00059 ARM_V=0.00657
DAY4_STEP=1 EPISODE=006 STEP=15 DIST=0.040625 YAW_ERR_DEG=13.389 REQUESTED_MOVE=0.007033 EXECUTED_MOVE=0.006978 ATTEMPT=0 SUCCESS=0 TERMINATED=0 TRUNCATED=0
DAY4_MOTION_DONE=1 ELAPSED_SIM=1.202 INITIAL_ERR=0.02949 FINAL_ERR=0.00040 ARM_V=0.00443
DAY4_STEP=1 EPISODE=006 STEP=16 DIST=0.039810 YAW_ERR_DEG=10.976 REQUESTED_MOVE=0.003842 EXECUTED_MOVE=0.003790 ATTEMPT=0 SUCCESS=0 TERMINATED=0 TRUNCATED=0
DAY4_MOTION_DONE=1 ELAPSED_SIM=1.290 INITIAL_ERR=0.09606 FINAL_ERR=0.00050 ARM_V=0.00559
DAY4_STEP=1 EPISODE=006 STEP=17 DIST=0.037585 YAW_ERR_DEG=15.449 REQUESTED_MOVE=0.005226 EXECUTED_MOVE=0.005198 ATTEMPT=0 SUCCESS=0 TERMINATED=0 TRUNCATED=0
DAY4_MOTION_DONE=1 ELAPSED_SIM=1.268 INITIAL_ERR=0.08114 FINAL_ERR=0.00058 ARM_V=0.00647
DAY4_STEP=1 EPISODE=006 STEP=18 DIST=0.033973 YAW_ERR_DEG=18.781 REQUESTED_MOVE=0.004558 EXECUTED_MOVE=0.004526 ATTEMPT=0 SUCCESS=0 TERMINATED=0 TRUNCATED=0
DAY4_MOTION_DONE=1 ELAPSED_SIM=1.202 INITIAL_ERR=0.04878 FINAL_ERR=0.00073 ARM_V=0.00813
DAY4_STEP=1 EPISODE=006 STEP=19 DIST=0.032754 YAW_ERR_DEG=21.255 REQUESTED_MOVE=0.003701 EXECUTED_MOVE=0.003645 ATTEMPT=0 SUCCESS=0 TERMINATED=0 TRUNCATED=0
DAY4_MOTION_DONE=1 ELAPSED_SIM=1.284 INITIAL_ERR=0.08610 FINAL_ERR=0.00050 ARM_V=0.00556
DAY4_STEP=1 EPISODE=006 STEP=20 DIST=0.033681 YAW_ERR_DEG=25.875 REQUESTED_MOVE=0.003423 EXECUTED_MOVE=0.003403 ATTEMPT=0 SUCCESS=0 TERMINATED=0 TRUNCATED=1
DAY4_RESET_GRIPPER=OPEN ANGLE_RAD=1.291211 EFFORT_NM=0.539448
DAY4_RESET_GRIPPER=AFTER_INITIAL_MOVE ANGLE_RAD=1.300734 EFFORT_NM=0.531623
TRIAL=007 VISUAL_CENTER=[0.23603367805480957, 0.04327660799026489, 0.015103599118897817] SURFACE=[0.23603367805480957, 0.04327660799026489, 0.030103599118897817] CONTOUR_DEG=0.00 AXIS_STD_DEG=0.00 FOOTPRINT=[0.029979057610034943, 0.029979057610034943] CONFIDENCE=0.9947
TRIAL=007 PHASE=OPEN_GRIPPER
TRIAL=007 PHASE=RETURN_OBSERVATION
DAY4_RESET_GRIPPER=OPEN ANGLE_RAD=1.291200 EFFORT_NM=0.534139
DAY4_RESET_GRIPPER=AFTER_INITIAL_MOVE ANGLE_RAD=1.298056 EFFORT_NM=0.531532
TRIAL=008 VISUAL_CENTER=[0.1736987978219986, 0.022559896111488342, 0.015096859432470341] SURFACE=[0.1736987978219986, 0.022559896111488342, 0.03009685943247034] CONTOUR_DEG=0.00 AXIS_STD_DEG=0.00 FOOTPRINT=[0.02951759099960327, 0.02951759099960327] CONFIDENCE=0.9931
TRIAL=008 SELECTED_CONTOUR_ORIENTATION=+90.00deg TILT=0.0 LEAN=-1 SYMMETRY=1 IK_FK_POS_ERROR=0.000000m IK_FK_ORIENTATION_ERROR=0.000000rad FINGER_FK_LIFT=0.080000m FINGER_FK_DRIFT=0.000000m JOINT_MOTION=2.002273rad
DAY4_MOTION_DONE=1 ELAPSED_SIM=1.202 INITIAL_ERR=0.03306 FINAL_ERR=0.00050 ARM_V=0.00551
DAY4_STEP=1 EPISODE=008 STEP=01 DIST=0.020601 YAW_ERR_DEG=0.257 REQUESTED_MOVE=0.005048 EXECUTED_MOVE=0.004973 ATTEMPT=0 SUCCESS=0 TERMINATED=0 TRUNCATED=0
DAY4_MOTION_DONE=1 ELAPSED_SIM=1.268 INITIAL_ERR=0.07630 FINAL_ERR=0.00055 ARM_V=0.00609
DAY4_STEP=1 EPISODE=008 STEP=02 DIST=0.020470 YAW_ERR_DEG=3.120 REQUESTED_MOVE=0.004890 EXECUTED_MOVE=0.004855 ATTEMPT=0 SUCCESS=0 TERMINATED=0 TRUNCATED=0
DAY4_MOTION_DONE=1 ELAPSED_SIM=1.200 INITIAL_ERR=0.02057 FINAL_ERR=0.00028 ARM_V=0.00309
DAY4_STEP=1 EPISODE=008 STEP=03 DIST=0.019619 YAW_ERR_DEG=4.742 REQUESTED_MOVE=0.003318 EXECUTED_MOVE=0.003273 ATTEMPT=0 SUCCESS=0 TERMINATED=0 TRUNCATED=0
DAY4_MOTION_DONE=1 ELAPSED_SIM=1.202 INITIAL_ERR=0.03512 FINAL_ERR=0.00047 ARM_V=0.00527
DAY4_STEP=1 EPISODE=008 STEP=04 DIST=0.021378 YAW_ERR_DEG=6.627 REQUESTED_MOVE=0.004549 EXECUTED_MOVE=0.004488 ATTEMPT=0 SUCCESS=0 TERMINATED=0 TRUNCATED=0
DAY4_MOTION_DONE=1 ELAPSED_SIM=1.202 INITIAL_ERR=0.03564 FINAL_ERR=0.00054 ARM_V=0.00595
DAY4_STEP=1 EPISODE=008 STEP=05 DIST=0.023116 YAW_ERR_DEG=5.558 REQUESTED_MOVE=0.003504 EXECUTED_MOVE=0.003452 ATTEMPT=0 SUCCESS=0 TERMINATED=0 TRUNCATED=0
DAY4_MOTION_DONE=1 ELAPSED_SIM=1.202 INITIAL_ERR=0.01915 FINAL_ERR=0.00029 ARM_V=0.00319
DAY4_STEP=1 EPISODE=008 STEP=06 DIST=0.021748 YAW_ERR_DEG=4.439 REQUESTED_MOVE=0.003759 EXECUTED_MOVE=0.003703 ATTEMPT=0 SUCCESS=0 TERMINATED=0 TRUNCATED=0
DAY4_MOTION_DONE=1 ELAPSED_SIM=1.202 INITIAL_ERR=0.02092 FINAL_ERR=0.00028 ARM_V=0.00314
DAY4_STEP=1 EPISODE=008 STEP=07 DIST=0.019254 YAW_ERR_DEG=3.925 REQUESTED_MOVE=0.004143 EXECUTED_MOVE=0.004087 ATTEMPT=0 SUCCESS=0 TERMINATED=0 TRUNCATED=0
DAY4_MOTION_DONE=1 ELAPSED_SIM=1.228 INITIAL_ERR=0.05285 FINAL_ERR=0.00058 ARM_V=0.00643
DAY4_STEP=1 EPISODE=008 STEP=08 DIST=0.023684 YAW_ERR_DEG=0.352 REQUESTED_MOVE=0.006030 EXECUTED_MOVE=0.005964 ATTEMPT=0 SUCCESS=0 TERMINATED=0 TRUNCATED=0
DAY4_MOTION_DONE=1 ELAPSED_SIM=1.248 INITIAL_ERR=0.06747 FINAL_ERR=0.00060 ARM_V=0.00665
DAY4_STEP=1 EPISODE=008 STEP=09 DIST=0.026247 YAW_ERR_DEG=1.858 REQUESTED_MOVE=0.006237 EXECUTED_MOVE=0.006182 ATTEMPT=0 SUCCESS=0 TERMINATED=0 TRUNCATED=0
DAY4_MOTION_DONE=1 ELAPSED_SIM=1.266 INITIAL_ERR=0.07776 FINAL_ERR=0.00056 ARM_V=0.00621
DAY4_STEP=1 EPISODE=008 STEP=10 DIST=0.029227 YAW_ERR_DEG=2.421 REQUESTED_MOVE=0.003754 EXECUTED_MOVE=0.003727 ATTEMPT=0 SUCCESS=0 TERMINATED=0 TRUNCATED=0
DAY4_MOTION_DONE=1 ELAPSED_SIM=1.202 INITIAL_ERR=0.03140 FINAL_ERR=0.00047 ARM_V=0.00524
DAY4_STEP=1 EPISODE=008 STEP=11 DIST=0.030676 YAW_ERR_DEG=3.138 REQUESTED_MOVE=0.004289 EXECUTED_MOVE=0.004225 ATTEMPT=0 SUCCESS=0 TERMINATED=0 TRUNCATED=0
DAY4_MOTION_DONE=1 ELAPSED_SIM=1.230 INITIAL_ERR=0.05137 FINAL_ERR=0.00056 ARM_V=0.00624
DAY4_STEP=1 EPISODE=008 STEP=12 DIST=0.032124 YAW_ERR_DEG=1.325 REQUESTED_MOVE=0.005520 EXECUTED_MOVE=0.005459 ATTEMPT=0 SUCCESS=0 TERMINATED=0 TRUNCATED=0
DAY4_MOTION_DONE=1 ELAPSED_SIM=1.286 INITIAL_ERR=0.09722 FINAL_ERR=0.00051 ARM_V=0.00565
DAY4_STEP=1 EPISODE=008 STEP=13 DIST=0.027448 YAW_ERR_DEG=5.461 REQUESTED_MOVE=0.005591 EXECUTED_MOVE=0.005561 ATTEMPT=0 SUCCESS=0 TERMINATED=0 TRUNCATED=0
DAY4_MOTION_DONE=1 ELAPSED_SIM=1.284 INITIAL_ERR=0.08495 FINAL_ERR=0.00055 ARM_V=0.00610
DAY4_STEP=1 EPISODE=008 STEP=14 DIST=0.025464 YAW_ERR_DEG=0.879 REQUESTED_MOVE=0.003594 EXECUTED_MOVE=0.003571 ATTEMPT=0 SUCCESS=0 TERMINATED=0 TRUNCATED=0
DAY4_MOTION_DONE=1 ELAPSED_SIM=1.202 INITIAL_ERR=0.04031 FINAL_ERR=0.00054 ARM_V=0.00605
DAY4_STEP=1 EPISODE=008 STEP=15 DIST=0.021733 YAW_ERR_DEG=1.177 REQUESTED_MOVE=0.004108 EXECUTED_MOVE=0.004053 ATTEMPT=0 SUCCESS=0 TERMINATED=0 TRUNCATED=0
DAY4_MOTION_DONE=1 ELAPSED_SIM=1.202 INITIAL_ERR=0.02994 FINAL_ERR=0.00040 ARM_V=0.00449
DAY4_STEP=1 EPISODE=008 STEP=16 DIST=0.017965 YAW_ERR_DEG=0.769 REQUESTED_MOVE=0.005328 EXECUTED_MOVE=0.005256 ATTEMPT=0 SUCCESS=0 TERMINATED=0 TRUNCATED=0
DAY4_MOTION_DONE=1 ELAPSED_SIM=1.266 INITIAL_ERR=0.06271 FINAL_ERR=0.00056 ARM_V=0.00618
DAY4_STEP=1 EPISODE=008 STEP=17 DIST=0.018753 YAW_ERR_DEG=1.110 REQUESTED_MOVE=0.006388 EXECUTED_MOVE=0.006332 ATTEMPT=0 SUCCESS=0 TERMINATED=0 TRUNCATED=0
DAY4_MOTION_DONE=1 ELAPSED_SIM=1.202 INITIAL_ERR=0.03519 FINAL_ERR=0.00048 ARM_V=0.00529
DAY4_STEP=1 EPISODE=008 STEP=18 DIST=0.018162 YAW_ERR_DEG=0.771 REQUESTED_MOVE=0.005269 EXECUTED_MOVE=0.005198 ATTEMPT=0 SUCCESS=0 TERMINATED=0 TRUNCATED=0
DAY4_MOTION_DONE=1 ELAPSED_SIM=1.240 INITIAL_ERR=0.05878 FINAL_ERR=0.00058 ARM_V=0.00643
DAY4_STEP=1 EPISODE=008 STEP=19 DIST=0.019148 YAW_ERR_DEG=3.760 REQUESTED_MOVE=0.004587 EXECUTED_MOVE=0.004542 ATTEMPT=0 SUCCESS=0 TERMINATED=0 TRUNCATED=0
DAY4_MOTION_DONE=1 ELAPSED_SIM=1.200 INITIAL_ERR=0.03914 FINAL_ERR=0.00059 ARM_V=0.00652
DAY4_STEP=1 EPISODE=008 STEP=20 DIST=0.022868 YAW_ERR_DEG=6.851 REQUESTED_MOVE=0.005712 EXECUTED_MOVE=0.005627 ATTEMPT=0 SUCCESS=0 TERMINATED=0 TRUNCATED=1
DAY4_RESET_GRIPPER=OPEN ANGLE_RAD=1.291209 EFFORT_NM=0.545954
DAY4_RESET_GRIPPER=AFTER_INITIAL_MOVE ANGLE_RAD=1.302653 EFFORT_NM=0.532416
TRIAL=009 VISUAL_CENTER=[0.17570921778678894, -0.012408128066454083, 0.015097099741831516] SURFACE=[0.17570921778678894, -0.012408128066454083, 0.030097099741831515] CONTOUR_DEG=0.00 AXIS_STD_DEG=0.00 FOOTPRINT=[0.02999904379248619, 0.02999904379248619] CONFIDENCE=0.9961
TRIAL=009 SELECTED_CONTOUR_ORIENTATION=+90.00deg TILT=0.0 LEAN=+1 SYMMETRY=1 IK_FK_POS_ERROR=0.000000m IK_FK_ORIENTATION_ERROR=0.000000rad FINGER_FK_LIFT=0.080000m FINGER_FK_DRIFT=0.000000m JOINT_MOTION=1.986047rad
DAY4_MOTION_DONE=1 ELAPSED_SIM=1.202 INITIAL_ERR=0.04304 FINAL_ERR=0.00058 ARM_V=0.00646
DAY4_STEP=1 EPISODE=009 STEP=01 DIST=0.027907 YAW_ERR_DEG=1.733 REQUESTED_MOVE=0.004135 EXECUTED_MOVE=0.004080 ATTEMPT=0 SUCCESS=0 TERMINATED=0 TRUNCATED=0
DAY4_MOTION_DONE=1 ELAPSED_SIM=1.202 INITIAL_ERR=0.02629 FINAL_ERR=0.00035 ARM_V=0.00394
DAY4_STEP=1 EPISODE=009 STEP=02 DIST=0.028235 YAW_ERR_DEG=1.279 REQUESTED_MOVE=0.003316 EXECUTED_MOVE=0.003271 ATTEMPT=0 SUCCESS=0 TERMINATED=0 TRUNCATED=0
DAY4_MOTION_DONE=1 ELAPSED_SIM=1.278 INITIAL_ERR=0.07704 FINAL_ERR=0.00055 ARM_V=0.00614
DAY4_STEP=1 EPISODE=009 STEP=03 DIST=0.029843 YAW_ERR_DEG=6.088 REQUESTED_MOVE=0.004930 EXECUTED_MOVE=0.004895 ATTEMPT=0 SUCCESS=0 TERMINATED=0 TRUNCATED=0
DAY4_MOTION_DONE=1 ELAPSED_SIM=1.264 INITIAL_ERR=0.07277 FINAL_ERR=0.00052 ARM_V=0.00581
DAY4_STEP=1 EPISODE=009 STEP=04 DIST=0.029202 YAW_ERR_DEG=1.127 REQUESTED_MOVE=0.003025 EXECUTED_MOVE=0.003004 ATTEMPT=0 SUCCESS=0 TERMINATED=0 TRUNCATED=0
DAY4_MOTION_DONE=1 ELAPSED_SIM=1.202 INITIAL_ERR=0.03544 FINAL_ERR=0.00053 ARM_V=0.00590
DAY4_STEP=1 EPISODE=009 STEP=05 DIST=0.033909 YAW_ERR_DEG=2.063 REQUESTED_MOVE=0.005710 EXECUTED_MOVE=0.005624 ATTEMPT=0 SUCCESS=0 TERMINATED=0 TRUNCATED=0
DAY4_MOTION_DONE=1 ELAPSED_SIM=1.260 INITIAL_ERR=0.06988 FINAL_ERR=0.00056 ARM_V=0.00620
DAY4_STEP=1 EPISODE=009 STEP=06 DIST=0.033112 YAW_ERR_DEG=2.682 REQUESTED_MOVE=0.003125 EXECUTED_MOVE=0.003100 ATTEMPT=0 SUCCESS=0 TERMINATED=0 TRUNCATED=0
DAY4_MOTION_DONE=1 ELAPSED_SIM=1.202 INITIAL_ERR=0.02673 FINAL_ERR=0.00045 ARM_V=0.00495
DAY4_STEP=1 EPISODE=009 STEP=07 DIST=0.033206 YAW_ERR_DEG=1.668 REQUESTED_MOVE=0.003194 EXECUTED_MOVE=0.003141 ATTEMPT=0 SUCCESS=0 TERMINATED=0 TRUNCATED=0
DAY4_MOTION_DONE=1 ELAPSED_SIM=1.202 INITIAL_ERR=0.04678 FINAL_ERR=0.00063 ARM_V=0.00702
DAY4_STEP=1 EPISODE=009 STEP=08 DIST=0.031247 YAW_ERR_DEG=0.448 REQUESTED_MOVE=0.005211 EXECUTED_MOVE=0.005141 ATTEMPT=0 SUCCESS=0 TERMINATED=0 TRUNCATED=0
DAY4_MOTION_DONE=1 ELAPSED_SIM=1.304 INITIAL_ERR=0.10761 FINAL_ERR=0.00051 ARM_V=0.00563
DAY4_STEP=1 EPISODE=009 STEP=09 DIST=0.028120 YAW_ERR_DEG=4.412 REQUESTED_MOVE=0.006917 EXECUTED_MOVE=0.006884 ATTEMPT=0 SUCCESS=0 TERMINATED=0 TRUNCATED=0
DAY4_MOTION_DONE=1 ELAPSED_SIM=1.242 INITIAL_ERR=0.05897 FINAL_ERR=0.00052 ARM_V=0.00580
DAY4_STEP=1 EPISODE=009 STEP=10 DIST=0.024733 YAW_ERR_DEG=8.515 REQUESTED_MOVE=0.005692 EXECUTED_MOVE=0.005641 ATTEMPT=0 SUCCESS=0 TERMINATED=0 TRUNCATED=0
DAY4_MOTION_DONE=1 ELAPSED_SIM=1.202 INITIAL_ERR=0.02161 FINAL_ERR=0.00032 ARM_V=0.00361
DAY4_STEP=1 EPISODE=009 STEP=11 DIST=0.025078 YAW_ERR_DEG=8.433 REQUESTED_MOVE=0.004669 EXECUTED_MOVE=0.004598 ATTEMPT=0 SUCCESS=0 TERMINATED=0 TRUNCATED=0
DAY4_MOTION_DONE=1 ELAPSED_SIM=1.288 INITIAL_ERR=0.09224 FINAL_ERR=0.00060 ARM_V=0.00662
DAY4_STEP=1 EPISODE=009 STEP=12 DIST=0.021713 YAW_ERR_DEG=4.620 REQUESTED_MOVE=0.007626 EXECUTED_MOVE=0.007576 ATTEMPT=0 SUCCESS=0 TERMINATED=0 TRUNCATED=0
DAY4_MOTION_DONE=1 ELAPSED_SIM=1.202 INITIAL_ERR=0.04054 FINAL_ERR=0.00061 ARM_V=0.00677
DAY4_STEP=1 EPISODE=009 STEP=13 DIST=0.024892 YAW_ERR_DEG=1.238 REQUESTED_MOVE=0.007462 EXECUTED_MOVE=0.007351 ATTEMPT=0 SUCCESS=0 TERMINATED=0 TRUNCATED=0
DAY4_MOTION_DONE=1 ELAPSED_SIM=1.230 INITIAL_ERR=0.05404 FINAL_ERR=0.00053 ARM_V=0.00591
DAY4_STEP=1 EPISODE=009 STEP=14 DIST=0.024585 YAW_ERR_DEG=0.119 REQUESTED_MOVE=0.006961 EXECUTED_MOVE=0.006893 ATTEMPT=0 SUCCESS=0 TERMINATED=0 TRUNCATED=0
DAY4_MOTION_DONE=1 ELAPSED_SIM=1.200 INITIAL_ERR=0.04863 FINAL_ERR=0.00073 ARM_V=0.00811
DAY4_STEP=1 EPISODE=009 STEP=15 DIST=0.025168 YAW_ERR_DEG=3.030 REQUESTED_MOVE=0.002734 EXECUTED_MOVE=0.002693 ATTEMPT=0 SUCCESS=0 TERMINATED=0 TRUNCATED=0
DAY4_MOTION_DONE=1 ELAPSED_SIM=1.202 INITIAL_ERR=0.04443 FINAL_ERR=0.00060 ARM_V=0.00666
DAY4_STEP=1 EPISODE=009 STEP=16 DIST=0.028885 YAW_ERR_DEG=4.513 REQUESTED_MOVE=0.004396 EXECUTED_MOVE=0.004337 ATTEMPT=0 SUCCESS=0 TERMINATED=0 TRUNCATED=0
DAY4_MOTION_DONE=1 ELAPSED_SIM=1.242 INITIAL_ERR=0.05653 FINAL_ERR=0.00056 ARM_V=0.00618
DAY4_STEP=1 EPISODE=009 STEP=17 DIST=0.029764 YAW_ERR_DEG=4.883 REQUESTED_MOVE=0.006626 EXECUTED_MOVE=0.006561 ATTEMPT=0 SUCCESS=0 TERMINATED=0 TRUNCATED=0
DAY4_MOTION_DONE=1 ELAPSED_SIM=1.202 INITIAL_ERR=0.02177 FINAL_ERR=0.00033 ARM_V=0.00362
DAY4_STEP=1 EPISODE=009 STEP=18 DIST=0.033760 YAW_ERR_DEG=3.521 REQUESTED_MOVE=0.004673 EXECUTED_MOVE=0.004604 ATTEMPT=0 SUCCESS=0 TERMINATED=0 TRUNCATED=0
DAY4_MOTION_DONE=1 ELAPSED_SIM=1.200 INITIAL_ERR=0.02920 FINAL_ERR=0.00044 ARM_V=0.00487
DAY4_STEP=1 EPISODE=009 STEP=19 DIST=0.030568 YAW_ERR_DEG=6.613 REQUESTED_MOVE=0.004415 EXECUTED_MOVE=0.004348 ATTEMPT=0 SUCCESS=0 TERMINATED=0 TRUNCATED=0
DAY4_MOTION_DONE=1 ELAPSED_SIM=1.250 INITIAL_ERR=0.05959 FINAL_ERR=0.00053 ARM_V=0.00586
DAY4_STEP=1 EPISODE=009 STEP=20 DIST=0.027123 YAW_ERR_DEG=11.042 REQUESTED_MOVE=0.005438 EXECUTED_MOVE=0.005390 ATTEMPT=0 SUCCESS=0 TERMINATED=0 TRUNCATED=1
DAY4_RESET_GRIPPER=OPEN ANGLE_RAD=1.291134 EFFORT_NM=0.546080
DAY4_RESET_GRIPPER=AFTER_INITIAL_MOVE ANGLE_RAD=1.302622 EFFORT_NM=0.532790
TRIAL=010 VISUAL_CENTER=[0.17018167674541473, -0.03935946524143219, 0.015097030258038532] SURFACE=[0.17018167674541473, -0.03935946524143219, 0.030097030258038532] CONTOUR_DEG=0.00 AXIS_STD_DEG=0.00 FOOTPRINT=[0.029982928186655045, 0.029982928186655045] CONFIDENCE=0.9934
TRIAL=010 SELECTED_CONTOUR_ORIENTATION=+90.00deg TILT=0.0 LEAN=-1 SYMMETRY=1 IK_FK_POS_ERROR=0.000000m IK_FK_ORIENTATION_ERROR=0.000000rad FINGER_FK_LIFT=0.080000m FINGER_FK_DRIFT=0.000000m JOINT_MOTION=2.059290rad
DAY4_MOTION_DONE=1 ELAPSED_SIM=1.202 INITIAL_ERR=0.02280 FINAL_ERR=0.00031 ARM_V=0.00342
DAY4_STEP=1 EPISODE=010 STEP=01 DIST=0.026483 YAW_ERR_DEG=0.105 REQUESTED_MOVE=0.004350 EXECUTED_MOVE=0.004292 ATTEMPT=0 SUCCESS=0 TERMINATED=0 TRUNCATED=0
DAY4_MOTION_DONE=1 ELAPSED_SIM=1.234 INITIAL_ERR=0.05365 FINAL_ERR=0.00053 ARM_V=0.00587
DAY4_STEP=1 EPISODE=010 STEP=02 DIST=0.025108 YAW_ERR_DEG=3.354 REQUESTED_MOVE=0.002127 EXECUTED_MOVE=0.002106 ATTEMPT=0 SUCCESS=0 TERMINATED=0 TRUNCATED=0
DAY4_MOTION_DONE=1 ELAPSED_SIM=1.266 INITIAL_ERR=0.08447 FINAL_ERR=0.00061 ARM_V=0.00674
DAY4_STEP=1 EPISODE=010 STEP=03 DIST=0.023172 YAW_ERR_DEG=0.544 REQUESTED_MOVE=0.004015 EXECUTED_MOVE=0.003986 ATTEMPT=0 SUCCESS=0 TERMINATED=0 TRUNCATED=0
DAY4_MOTION_DONE=1 ELAPSED_SIM=1.250 INITIAL_ERR=0.06519 FINAL_ERR=0.00058 ARM_V=0.00643
DAY4_STEP=1 EPISODE=010 STEP=04 DIST=0.025287 YAW_ERR_DEG=3.016 REQUESTED_MOVE=0.005525 EXECUTED_MOVE=0.005477 ATTEMPT=0 SUCCESS=0 TERMINATED=0 TRUNCATED=0
DAY4_MOTION_DONE=1 ELAPSED_SIM=1.280 INITIAL_ERR=0.09279 FINAL_ERR=0.00054 ARM_V=0.00600
DAY4_STEP=1 EPISODE=010 STEP=05 DIST=0.023425 YAW_ERR_DEG=1.856 REQUESTED_MOVE=0.004934 EXECUTED_MOVE=0.004905 ATTEMPT=0 SUCCESS=0 TERMINATED=0 TRUNCATED=0
DAY4_MOTION_DONE=1 ELAPSED_SIM=1.202 INITIAL_ERR=0.02813 FINAL_ERR=0.00042 ARM_V=0.00469
DAY4_STEP=1 EPISODE=010 STEP=06 DIST=0.025366 YAW_ERR_DEG=0.858 REQUESTED_MOVE=0.004329 EXECUTED_MOVE=0.004264 ATTEMPT=0 SUCCESS=0 TERMINATED=0 TRUNCATED=0
DAY4_MOTION_DONE=1 ELAPSED_SIM=1.270 INITIAL_ERR=0.08287 FINAL_ERR=0.00054 ARM_V=0.00595
DAY4_STEP=1 EPISODE=010 STEP=07 DIST=0.025488 YAW_ERR_DEG=3.082 REQUESTED_MOVE=0.004720 EXECUTED_MOVE=0.004690 ATTEMPT=0 SUCCESS=0 TERMINATED=0 TRUNCATED=0
DAY4_MOTION_DONE=1 ELAPSED_SIM=1.280 INITIAL_ERR=0.08633 FINAL_ERR=0.00050 ARM_V=0.00558
DAY4_STEP=1 EPISODE=010 STEP=08 DIST=0.025278 YAW_ERR_DEG=7.927 REQUESTED_MOVE=0.000811 EXECUTED_MOVE=0.000806 ATTEMPT=0 SUCCESS=0 TERMINATED=0 TRUNCATED=0
DAY4_MOTION_DONE=1 ELAPSED_SIM=1.294 INITIAL_ERR=0.09901 FINAL_ERR=0.00058 ARM_V=0.00640
DAY4_STEP=1 EPISODE=010 STEP=09 DIST=0.022875 YAW_ERR_DEG=4.041 REQUESTED_MOVE=0.006030 EXECUTED_MOVE=0.005994 ATTEMPT=0 SUCCESS=0 TERMINATED=0 TRUNCATED=0
DAY4_MOTION_DONE=1 ELAPSED_SIM=1.202 INITIAL_ERR=0.02526 FINAL_ERR=0.00038 ARM_V=0.00421
DAY4_STEP=1 EPISODE=010 STEP=10 DIST=0.023635 YAW_ERR_DEG=3.410 REQUESTED_MOVE=0.002996 EXECUTED_MOVE=0.002951 ATTEMPT=0 SUCCESS=0 TERMINATED=0 TRUNCATED=0
DAY4_MOTION_DONE=1 ELAPSED_SIM=1.202 INITIAL_ERR=0.03383 FINAL_ERR=0.00046 ARM_V=0.00507
DAY4_STEP=1 EPISODE=010 STEP=11 DIST=0.019538 YAW_ERR_DEG=0.855 REQUESTED_MOVE=0.004249 EXECUTED_MOVE=0.004192 ATTEMPT=0 SUCCESS=0 TERMINATED=0 TRUNCATED=0
DAY4_MOTION_DONE=1 ELAPSED_SIM=1.202 INITIAL_ERR=0.04620 FINAL_ERR=0.00069 ARM_V=0.00769
DAY4_STEP=1 EPISODE=010 STEP=12 DIST=0.017203 YAW_ERR_DEG=1.924 REQUESTED_MOVE=0.004913 EXECUTED_MOVE=0.004839 ATTEMPT=0 SUCCESS=0 TERMINATED=0 TRUNCATED=0
DAY4_MOTION_DONE=1 ELAPSED_SIM=1.200 INITIAL_ERR=0.03518 FINAL_ERR=0.00048 ARM_V=0.00528
DAY4_STEP=1 EPISODE=010 STEP=13 DIST=0.023161 YAW_ERR_DEG=1.473 REQUESTED_MOVE=0.006182 EXECUTED_MOVE=0.006099 ATTEMPT=0 SUCCESS=0 TERMINATED=0 TRUNCATED=0
DAY4_MOTION_DONE=1 ELAPSED_SIM=1.200 INITIAL_ERR=0.03854 FINAL_ERR=0.00052 ARM_V=0.00578
DAY4_STEP=1 EPISODE=010 STEP=14 DIST=0.024491 YAW_ERR_DEG=2.322 REQUESTED_MOVE=0.003905 EXECUTED_MOVE=0.003853 ATTEMPT=0 SUCCESS=0 TERMINATED=0 TRUNCATED=0
DAY4_MOTION_DONE=1 ELAPSED_SIM=1.202 INITIAL_ERR=0.03990 FINAL_ERR=0.00054 ARM_V=0.00598
DAY4_STEP=1 EPISODE=010 STEP=15 DIST=0.026872 YAW_ERR_DEG=2.863 REQUESTED_MOVE=0.004945 EXECUTED_MOVE=0.004878 ATTEMPT=0 SUCCESS=0 TERMINATED=0 TRUNCATED=0
DAY4_MOTION_DONE=1 ELAPSED_SIM=1.278 INITIAL_ERR=0.07693 FINAL_ERR=0.00050 ARM_V=0.00552
DAY4_STEP=1 EPISODE=010 STEP=16 DIST=0.030406 YAW_ERR_DEG=1.583 REQUESTED_MOVE=0.004562 EXECUTED_MOVE=0.004532 ATTEMPT=0 SUCCESS=0 TERMINATED=0 TRUNCATED=0
DAY4_MOTION_DONE=1 ELAPSED_SIM=1.252 INITIAL_ERR=0.06769 FINAL_ERR=0.00054 ARM_V=0.00599
DAY4_STEP=1 EPISODE=010 STEP=17 DIST=0.026798 YAW_ERR_DEG=4.187 REQUESTED_MOVE=0.004461 EXECUTED_MOVE=0.004425 ATTEMPT=0 SUCCESS=0 TERMINATED=0 TRUNCATED=0
DAY4_MOTION_DONE=1 ELAPSED_SIM=1.202 INITIAL_ERR=0.02769 FINAL_ERR=0.00037 ARM_V=0.00415
DAY4_STEP=1 EPISODE=010 STEP=18 DIST=0.027928 YAW_ERR_DEG=5.515 REQUESTED_MOVE=0.005311 EXECUTED_MOVE=0.005239 ATTEMPT=0 SUCCESS=0 TERMINATED=0 TRUNCATED=0
DAY4_MOTION_DONE=1 ELAPSED_SIM=1.202 INITIAL_ERR=0.04855 FINAL_ERR=0.00066 ARM_V=0.00729
DAY4_STEP=1 EPISODE=010 STEP=19 DIST=0.022336 YAW_ERR_DEG=1.339 REQUESTED_MOVE=0.005726 EXECUTED_MOVE=0.005648 ATTEMPT=0 SUCCESS=0 TERMINATED=0 TRUNCATED=0
DAY4_MOTION_DONE=1 ELAPSED_SIM=1.202 INITIAL_ERR=0.04639 FINAL_ERR=0.00063 ARM_V=0.00697
DAY4_STEP=1 EPISODE=010 STEP=20 DIST=0.018009 YAW_ERR_DEG=2.624 REQUESTED_MOVE=0.004885 EXECUTED_MOVE=0.004819 ATTEMPT=0 SUCCESS=0 TERMINATED=0 TRUNCATED=1
DAY4_RESET_GRIPPER=OPEN ANGLE_RAD=1.291198 EFFORT_NM=0.540654
DAY4_RESET_GRIPPER=AFTER_INITIAL_MOVE ANGLE_RAD=1.300896 EFFORT_NM=0.534975
TRIAL=011 VISUAL_CENTER=[0.15597276389598846, 0.008491471176967025, 0.01509506893820027] SURFACE=[0.15597276389598846, 0.008491471176967025, 0.03009506893820027] CONTOUR_DEG=0.00 AXIS_STD_DEG=0.00 FOOTPRINT=[0.029619596898555756, 0.029619596898555756] CONFIDENCE=0.9940
TRIAL=011 SELECTED_CONTOUR_ORIENTATION=+90.00deg TILT=0.0 LEAN=-1 SYMMETRY=1 IK_FK_POS_ERROR=0.000000m IK_FK_ORIENTATION_ERROR=0.000000rad FINGER_FK_LIFT=0.080000m FINGER_FK_DRIFT=0.000000m JOINT_MOTION=1.927000rad
DAY4_MOTION_DONE=1 ELAPSED_SIM=1.280 INITIAL_ERR=0.08622 FINAL_ERR=0.00056 ARM_V=0.00619
DAY4_STEP=1 EPISODE=011 STEP=01 DIST=0.023380 YAW_ERR_DEG=3.446 REQUESTED_MOVE=0.005137 EXECUTED_MOVE=0.005104 ATTEMPT=0 SUCCESS=0 TERMINATED=0 TRUNCATED=0
DAY4_MOTION_DONE=1 ELAPSED_SIM=1.202 INITIAL_ERR=0.03517 FINAL_ERR=0.00053 ARM_V=0.00587
DAY4_STEP=1 EPISODE=011 STEP=02 DIST=0.028088 YAW_ERR_DEG=4.191 REQUESTED_MOVE=0.006812 EXECUTED_MOVE=0.006709 ATTEMPT=0 SUCCESS=0 TERMINATED=0 TRUNCATED=0
DAY4_MOTION_DONE=1 ELAPSED_SIM=1.202 INITIAL_ERR=0.02820 FINAL_ERR=0.00038 ARM_V=0.00423
DAY4_STEP=1 EPISODE=011 STEP=03 DIST=0.027340 YAW_ERR_DEG=6.330 REQUESTED_MOVE=0.005180 EXECUTED_MOVE=0.005110 ATTEMPT=0 SUCCESS=0 TERMINATED=0 TRUNCATED=0
DAY4_MOTION_DONE=1 ELAPSED_SIM=1.264 INITIAL_ERR=0.07811 FINAL_ERR=0.00056 ARM_V=0.00623
DAY4_STEP=1 EPISODE=011 STEP=04 DIST=0.026876 YAW_ERR_DEG=10.820 REQUESTED_MOVE=0.002368 EXECUTED_MOVE=0.002351 ATTEMPT=0 SUCCESS=0 TERMINATED=0 TRUNCATED=0
DAY4_MOTION_DONE=1 ELAPSED_SIM=1.276 INITIAL_ERR=0.07693 FINAL_ERR=0.00055 ARM_V=0.00613
DAY4_STEP=1 EPISODE=011 STEP=05 DIST=0.030149 YAW_ERR_DEG=14.987 REQUESTED_MOVE=0.003851 EXECUTED_MOVE=0.003824 ATTEMPT=0 SUCCESS=0 TERMINATED=0 TRUNCATED=0
DAY4_MOTION_DONE=1 ELAPSED_SIM=1.256 INITIAL_ERR=0.07113 FINAL_ERR=0.00051 ARM_V=0.00567
DAY4_STEP=1 EPISODE=011 STEP=06 DIST=0.031219 YAW_ERR_DEG=19.047 REQUESTED_MOVE=0.003495 EXECUTED_MOVE=0.003470 ATTEMPT=0 SUCCESS=0 TERMINATED=0 TRUNCATED=0
DAY4_MOTION_DONE=1 ELAPSED_SIM=1.202 INITIAL_ERR=0.03172 FINAL_ERR=0.00048 ARM_V=0.00530
DAY4_STEP=1 EPISODE=011 STEP=07 DIST=0.029776 YAW_ERR_DEG=17.136 REQUESTED_MOVE=0.001518 EXECUTED_MOVE=0.001495 ATTEMPT=0 SUCCESS=0 TERMINATED=0 TRUNCATED=0
DAY4_MOTION_DONE=1 ELAPSED_SIM=1.266 INITIAL_ERR=0.08008 FINAL_ERR=0.00057 ARM_V=0.00638
DAY4_STEP=1 EPISODE=011 STEP=08 DIST=0.031542 YAW_ERR_DEG=12.238 REQUESTED_MOVE=0.002620 EXECUTED_MOVE=0.002602 ATTEMPT=0 SUCCESS=0 TERMINATED=0 TRUNCATED=0
DAY4_MOTION_DONE=1 ELAPSED_SIM=1.202 INITIAL_ERR=0.03921 FINAL_ERR=0.00053 ARM_V=0.00589
DAY4_STEP=1 EPISODE=011 STEP=09 DIST=0.034388 YAW_ERR_DEG=10.749 REQUESTED_MOVE=0.005903 EXECUTED_MOVE=0.005823 ATTEMPT=0 SUCCESS=0 TERMINATED=0 TRUNCATED=0
DAY4_MOTION_DONE=1 ELAPSED_SIM=1.200 INITIAL_ERR=0.04919 FINAL_ERR=0.00066 ARM_V=0.00739
DAY4_STEP=1 EPISODE=011 STEP=10 DIST=0.033597 YAW_ERR_DEG=14.165 REQUESTED_MOVE=0.003907 EXECUTED_MOVE=0.003854 ATTEMPT=0 SUCCESS=0 TERMINATED=0 TRUNCATED=0
DAY4_MOTION_DONE=1 ELAPSED_SIM=1.240 INITIAL_ERR=0.05677 FINAL_ERR=0.00056 ARM_V=0.00621
DAY4_STEP=1 EPISODE=011 STEP=11 DIST=0.029987 YAW_ERR_DEG=12.485 REQUESTED_MOVE=0.006831 EXECUTED_MOVE=0.006764 ATTEMPT=0 SUCCESS=0 TERMINATED=0 TRUNCATED=0
DAY4_MOTION_DONE=1 ELAPSED_SIM=1.264 INITIAL_ERR=0.08245 FINAL_ERR=0.00059 ARM_V=0.00658
DAY4_STEP=1 EPISODE=011 STEP=12 DIST=0.029260 YAW_ERR_DEG=8.047 REQUESTED_MOVE=0.002173 EXECUTED_MOVE=0.002157 ATTEMPT=0 SUCCESS=0 TERMINATED=0 TRUNCATED=0
DAY4_MOTION_DONE=1 ELAPSED_SIM=1.200 INITIAL_ERR=0.04394 FINAL_ERR=0.00059 ARM_V=0.00660
DAY4_STEP=1 EPISODE=011 STEP=13 DIST=0.031535 YAW_ERR_DEG=10.733 REQUESTED_MOVE=0.002356 EXECUTED_MOVE=0.002324 ATTEMPT=0 SUCCESS=0 TERMINATED=0 TRUNCATED=0
DAY4_MOTION_DONE=1 ELAPSED_SIM=1.200 INITIAL_ERR=0.02319 FINAL_ERR=0.00031 ARM_V=0.00348
DAY4_STEP=1 EPISODE=011 STEP=14 DIST=0.028758 YAW_ERR_DEG=11.420 REQUESTED_MOVE=0.005395 EXECUTED_MOVE=0.005322 ATTEMPT=0 SUCCESS=0 TERMINATED=0 TRUNCATED=0
DAY4_MOTION_DONE=1 ELAPSED_SIM=1.202 INITIAL_ERR=0.02945 FINAL_ERR=0.00040 ARM_V=0.00442
DAY4_STEP=1 EPISODE=011 STEP=15 DIST=0.029960 YAW_ERR_DEG=11.479 REQUESTED_MOVE=0.004952 EXECUTED_MOVE=0.004885 ATTEMPT=0 SUCCESS=0 TERMINATED=0 TRUNCATED=0
DAY4_MOTION_DONE=1 ELAPSED_SIM=1.230 INITIAL_ERR=0.05161 FINAL_ERR=0.00056 ARM_V=0.00627
DAY4_STEP=1 EPISODE=011 STEP=16 DIST=0.033972 YAW_ERR_DEG=12.896 REQUESTED_MOVE=0.005812 EXECUTED_MOVE=0.005748 ATTEMPT=0 SUCCESS=0 TERMINATED=0 TRUNCATED=0
DAY4_MOTION_DONE=1 ELAPSED_SIM=1.260 INITIAL_ERR=0.07245 FINAL_ERR=0.00052 ARM_V=0.00578
DAY4_STEP=1 EPISODE=011 STEP=17 DIST=0.033197 YAW_ERR_DEG=15.498 REQUESTED_MOVE=0.004568 EXECUTED_MOVE=0.004535 ATTEMPT=0 SUCCESS=0 TERMINATED=0 TRUNCATED=0
DAY4_MOTION_DONE=1 ELAPSED_SIM=1.246 INITIAL_ERR=0.06219 FINAL_ERR=0.00055 ARM_V=0.00612
DAY4_STEP=1 EPISODE=011 STEP=18 DIST=0.032303 YAW_ERR_DEG=18.554 REQUESTED_MOVE=0.002462 EXECUTED_MOVE=0.002440 ATTEMPT=0 SUCCESS=0 TERMINATED=0 TRUNCATED=0
DAY4_MOTION_DONE=1 ELAPSED_SIM=1.202 INITIAL_ERR=0.03888 FINAL_ERR=0.00058 ARM_V=0.00647
DAY4_STEP=1 EPISODE=011 STEP=19 DIST=0.029275 YAW_ERR_DEG=21.638 REQUESTED_MOVE=0.003679 EXECUTED_MOVE=0.003624 ATTEMPT=0 SUCCESS=0 TERMINATED=0 TRUNCATED=0
DAY4_MOTION_DONE=1 ELAPSED_SIM=1.202 INITIAL_ERR=0.03668 FINAL_ERR=0.00050 ARM_V=0.00551
DAY4_STEP=1 EPISODE=011 STEP=20 DIST=0.030789 YAW_ERR_DEG=20.993 REQUESTED_MOVE=0.005838 EXECUTED_MOVE=0.005760 ATTEMPT=0 SUCCESS=0 TERMINATED=0 TRUNCATED=1
DAY4_RESET_GRIPPER=OPEN ANGLE_RAD=1.291202 EFFORT_NM=0.544414
DAY4_RESET_GRIPPER=AFTER_INITIAL_MOVE ANGLE_RAD=1.301623 EFFORT_NM=0.535681
TRIAL=012 VISUAL_CENTER=[0.17978334426879883, -0.08364181965589523, 0.015097596368990676] SURFACE=[0.17978334426879883, -0.08364181965589523, 0.030097596368990676] CONTOUR_DEG=0.00 AXIS_STD_DEG=0.00 FOOTPRINT=[0.029989242553710938, 0.029989242553710938] CONFIDENCE=0.9919
TRIAL=012 SELECTED_CONTOUR_ORIENTATION=+90.00deg TILT=0.0 LEAN=+1 SYMMETRY=1 IK_FK_POS_ERROR=0.000000m IK_FK_ORIENTATION_ERROR=0.000000rad FINGER_FK_LIFT=0.080000m FINGER_FK_DRIFT=0.000000m JOINT_MOTION=2.459268rad
DAY4_MOTION_DONE=1 ELAPSED_SIM=1.224 INITIAL_ERR=0.05310 FINAL_ERR=0.00052 ARM_V=0.00581
DAY4_STEP=1 EPISODE=012 STEP=01 DIST=0.024030 YAW_ERR_DEG=3.644 REQUESTED_MOVE=0.004880 EXECUTED_MOVE=0.004832 ATTEMPT=0 SUCCESS=0 TERMINATED=0 TRUNCATED=0
DAY4_MOTION_DONE=1 ELAPSED_SIM=1.258 INITIAL_ERR=0.06484 FINAL_ERR=0.00057 ARM_V=0.00638
DAY4_STEP=1 EPISODE=012 STEP=02 DIST=0.019832 YAW_ERR_DEG=7.934 REQUESTED_MOVE=0.005113 EXECUTED_MOVE=0.005068 ATTEMPT=0 SUCCESS=0 TERMINATED=0 TRUNCATED=0
DAY4_MOTION_DONE=1 ELAPSED_SIM=1.202 INITIAL_ERR=0.02172 FINAL_ERR=0.00029 ARM_V=0.00326
DAY4_STEP=1 EPISODE=012 STEP=03 DIST=0.023068 YAW_ERR_DEG=6.451 REQUESTED_MOVE=0.004229 EXECUTED_MOVE=0.004172 ATTEMPT=0 SUCCESS=0 TERMINATED=0 TRUNCATED=0
DAY4_MOTION_DONE=1 ELAPSED_SIM=1.240 INITIAL_ERR=0.05740 FINAL_ERR=0.00051 ARM_V=0.00565
DAY4_STEP=1 EPISODE=012 STEP=04 DIST=0.027917 YAW_ERR_DEG=4.275 REQUESTED_MOVE=0.007988 EXECUTED_MOVE=0.007917 ATTEMPT=0 SUCCESS=0 TERMINATED=0 TRUNCATED=0
DAY4_MOTION_DONE=1 ELAPSED_SIM=1.264 INITIAL_ERR=0.07803 FINAL_ERR=0.00056 ARM_V=0.00622
DAY4_STEP=1 EPISODE=012 STEP=05 DIST=0.033407 YAW_ERR_DEG=7.485 REQUESTED_MOVE=0.006528 EXECUTED_MOVE=0.006482 ATTEMPT=0 SUCCESS=0 TERMINATED=0 TRUNCATED=0
DAY4_MOTION_DONE=1 ELAPSED_SIM=1.254 INITIAL_ERR=0.07325 FINAL_ERR=0.00058 ARM_V=0.00649
DAY4_STEP=1 EPISODE=012 STEP=06 DIST=0.034625 YAW_ERR_DEG=10.500 REQUESTED_MOVE=0.005238 EXECUTED_MOVE=0.005196 ATTEMPT=0 SUCCESS=0 TERMINATED=0 TRUNCATED=0
DAY4_MOTION_DONE=1 ELAPSED_SIM=1.222 INITIAL_ERR=0.05452 FINAL_ERR=0.00060 ARM_V=0.00663
DAY4_STEP=1 EPISODE=012 STEP=07 DIST=0.031922 YAW_ERR_DEG=8.249 REQUESTED_MOVE=0.007185 EXECUTED_MOVE=0.007106 ATTEMPT=0 SUCCESS=0 TERMINATED=0 TRUNCATED=0
DAY4_MOTION_DONE=1 ELAPSED_SIM=1.246 INITIAL_ERR=0.06596 FINAL_ERR=0.00058 ARM_V=0.00650
DAY4_STEP=1 EPISODE=012 STEP=08 DIST=0.033479 YAW_ERR_DEG=12.376 REQUESTED_MOVE=0.002583 EXECUTED_MOVE=0.002560 ATTEMPT=0 SUCCESS=0 TERMINATED=0 TRUNCATED=0
DAY4_MOTION_DONE=1 ELAPSED_SIM=1.264 INITIAL_ERR=0.08172 FINAL_ERR=0.00059 ARM_V=0.00651
DAY4_STEP=1 EPISODE=012 STEP=09 DIST=0.033009 YAW_ERR_DEG=16.689 REQUESTED_MOVE=0.005370 EXECUTED_MOVE=0.005331 ATTEMPT=0 SUCCESS=0 TERMINATED=0 TRUNCATED=0
DAY4_MOTION_DONE=1 ELAPSED_SIM=1.200 INITIAL_ERR=0.02291 FINAL_ERR=0.00034 ARM_V=0.00381
DAY4_STEP=1 EPISODE=012 STEP=10 DIST=0.030286 YAW_ERR_DEG=16.726 REQUESTED_MOVE=0.005685 EXECUTED_MOVE=0.005599 ATTEMPT=0 SUCCESS=0 TERMINATED=0 TRUNCATED=0
DAY4_MOTION_DONE=1 ELAPSED_SIM=1.244 INITIAL_ERR=0.06508 FINAL_ERR=0.00052 ARM_V=0.00577
DAY4_STEP=1 EPISODE=012 STEP=11 DIST=0.027910 YAW_ERR_DEG=12.733 REQUESTED_MOVE=0.005046 EXECUTED_MOVE=0.005005 ATTEMPT=0 SUCCESS=0 TERMINATED=0 TRUNCATED=0
DAY4_MOTION_DONE=1 ELAPSED_SIM=1.200 INITIAL_ERR=0.02226 FINAL_ERR=0.00033 ARM_V=0.00371
DAY4_STEP=1 EPISODE=012 STEP=12 DIST=0.028441 YAW_ERR_DEG=15.090 REQUESTED_MOVE=0.005309 EXECUTED_MOVE=0.005230 ATTEMPT=0 SUCCESS=0 TERMINATED=0 TRUNCATED=0
DAY4_MOTION_DONE=1 ELAPSED_SIM=1.202 INITIAL_ERR=0.03482 FINAL_ERR=0.00047 ARM_V=0.00522
DAY4_STEP=1 EPISODE=012 STEP=13 DIST=0.031955 YAW_ERR_DEG=17.582 REQUESTED_MOVE=0.004784 EXECUTED_MOVE=0.004719 ATTEMPT=0 SUCCESS=0 TERMINATED=0 TRUNCATED=0
DAY4_MOTION_DONE=1 ELAPSED_SIM=1.242 INITIAL_ERR=0.06026 FINAL_ERR=0.00053 ARM_V=0.00594
DAY4_STEP=1 EPISODE=012 STEP=14 DIST=0.030036 YAW_ERR_DEG=13.379 REQUESTED_MOVE=0.003828 EXECUTED_MOVE=0.003794 ATTEMPT=0 SUCCESS=0 TERMINATED=0 TRUNCATED=0
DAY4_MOTION_DONE=1 ELAPSED_SIM=1.200 INITIAL_ERR=0.02295 FINAL_ERR=0.00034 ARM_V=0.00382
DAY4_STEP=1 EPISODE=012 STEP=15 DIST=0.026871 YAW_ERR_DEG=12.660 REQUESTED_MOVE=0.003909 EXECUTED_MOVE=0.003851 ATTEMPT=0 SUCCESS=0 TERMINATED=0 TRUNCATED=0
DAY4_MOTION_DONE=1 ELAPSED_SIM=1.200 INITIAL_ERR=0.04725 FINAL_ERR=0.00071 ARM_V=0.00788
DAY4_STEP=1 EPISODE=012 STEP=16 DIST=0.028204 YAW_ERR_DEG=16.751 REQUESTED_MOVE=0.005852 EXECUTED_MOVE=0.005765 ATTEMPT=0 SUCCESS=0 TERMINATED=0 TRUNCATED=0
DAY4_MOTION_DONE=1 ELAPSED_SIM=1.226 INITIAL_ERR=0.05473 FINAL_ERR=0.00054 ARM_V=0.00598
DAY4_STEP=1 EPISODE=012 STEP=17 DIST=0.025084 YAW_ERR_DEG=20.487 REQUESTED_MOVE=0.004177 EXECUTED_MOVE=0.004136 ATTEMPT=0 SUCCESS=0 TERMINATED=0 TRUNCATED=0
DAY4_MOTION_DONE=1 ELAPSED_SIM=1.248 INITIAL_ERR=0.06631 FINAL_ERR=0.00053 ARM_V=0.00588
DAY4_STEP=1 EPISODE=012 STEP=18 DIST=0.026633 YAW_ERR_DEG=20.270 REQUESTED_MOVE=0.005961 EXECUTED_MOVE=0.005914 ATTEMPT=0 SUCCESS=0 TERMINATED=0 TRUNCATED=0
DAY4_MOTION_DONE=1 ELAPSED_SIM=1.202 INITIAL_ERR=0.01527 FINAL_ERR=0.00023 ARM_V=0.00255
DAY4_STEP=1 EPISODE=012 STEP=19 DIST=0.024881 YAW_ERR_DEG=18.938 REQUESTED_MOVE=0.002410 EXECUTED_MOVE=0.002374 ATTEMPT=0 SUCCESS=0 TERMINATED=0 TRUNCATED=0
DAY4_MOTION_DONE=1 ELAPSED_SIM=1.202 INITIAL_ERR=0.03287 FINAL_ERR=0.00044 ARM_V=0.00493
DAY4_STEP=1 EPISODE=012 STEP=20 DIST=0.026546 YAW_ERR_DEG=16.633 REQUESTED_MOVE=0.005971 EXECUTED_MOVE=0.005891 ATTEMPT=0 SUCCESS=0 TERMINATED=0 TRUNCATED=1
DAY4_RESET_GRIPPER=OPEN ANGLE_RAD=1.291121 EFFORT_NM=0.562395
DAY4_RESET_GRIPPER=AFTER_INITIAL_MOVE ANGLE_RAD=1.306049 EFFORT_NM=0.535203
TRIAL=013 VISUAL_CENTER=[0.1514582633972168, -0.027182133868336678, 0.015094463265955815] SURFACE=[0.1514582633972168, -0.027182133868336678, 0.030094463265955815] CONTOUR_DEG=0.00 AXIS_STD_DEG=0.00 FOOTPRINT=[0.0299709253013134, 0.0299709253013134] CONFIDENCE=0.9932
TRIAL=013 SELECTED_CONTOUR_ORIENTATION=+90.00deg TILT=0.0 LEAN=-1 SYMMETRY=1 IK_FK_POS_ERROR=0.000000m IK_FK_ORIENTATION_ERROR=0.000000rad FINGER_FK_LIFT=0.080000m FINGER_FK_DRIFT=0.000000m JOINT_MOTION=1.987248rad
DAY4_MOTION_DONE=1 ELAPSED_SIM=1.292 INITIAL_ERR=0.10130 FINAL_ERR=0.00059 ARM_V=0.00655
DAY4_STEP=1 EPISODE=013 STEP=01 DIST=0.029171 YAW_ERR_DEG=4.344 REQUESTED_MOVE=0.006253 EXECUTED_MOVE=0.006217 ATTEMPT=0 SUCCESS=0 TERMINATED=0 TRUNCATED=0
DAY4_MOTION_DONE=1 ELAPSED_SIM=1.244 INITIAL_ERR=0.06081 FINAL_ERR=0.00054 ARM_V=0.00598
DAY4_STEP=1 EPISODE=013 STEP=02 DIST=0.026652 YAW_ERR_DEG=6.404 REQUESTED_MOVE=0.005067 EXECUTED_MOVE=0.005022 ATTEMPT=0 SUCCESS=0 TERMINATED=0 TRUNCATED=0
DAY4_MOTION_DONE=1 ELAPSED_SIM=1.202 INITIAL_ERR=0.01728 FINAL_ERR=0.00023 ARM_V=0.00259
DAY4_STEP=1 EPISODE=013 STEP=03 DIST=0.024953 YAW_ERR_DEG=5.696 REQUESTED_MOVE=0.002663 EXECUTED_MOVE=0.002627 ATTEMPT=0 SUCCESS=0 TERMINATED=0 TRUNCATED=0
DAY4_MOTION_DONE=1 ELAPSED_SIM=1.230 INITIAL_ERR=0.05281 FINAL_ERR=0.00058 ARM_V=0.00642
DAY4_STEP=1 EPISODE=013 STEP=04 DIST=0.028496 YAW_ERR_DEG=2.719 REQUESTED_MOVE=0.005097 EXECUTED_MOVE=0.005042 ATTEMPT=0 SUCCESS=0 TERMINATED=0 TRUNCATED=0
DAY4_MOTION_DONE=1 ELAPSED_SIM=1.202 INITIAL_ERR=0.02932 FINAL_ERR=0.00044 ARM_V=0.00488
DAY4_STEP=1 EPISODE=013 STEP=05 DIST=0.031032 YAW_ERR_DEG=3.612 REQUESTED_MOVE=0.003954 EXECUTED_MOVE=0.003895 ATTEMPT=0 SUCCESS=0 TERMINATED=0 TRUNCATED=0
DAY4_MOTION_DONE=1 ELAPSED_SIM=1.200 INITIAL_ERR=0.04317 FINAL_ERR=0.00058 ARM_V=0.00648
DAY4_STEP=1 EPISODE=013 STEP=06 DIST=0.029744 YAW_ERR_DEG=5.479 REQUESTED_MOVE=0.003229 EXECUTED_MOVE=0.003185 ATTEMPT=0 SUCCESS=0 TERMINATED=0 TRUNCATED=0
DAY4_MOTION_DONE=1 ELAPSED_SIM=1.202 INITIAL_ERR=0.02273 FINAL_ERR=0.00031 ARM_V=0.00341
DAY4_STEP=1 EPISODE=013 STEP=07 DIST=0.030519 YAW_ERR_DEG=3.609 REQUESTED_MOVE=0.002870 EXECUTED_MOVE=0.002831 ATTEMPT=0 SUCCESS=0 TERMINATED=0 TRUNCATED=0
DAY4_MOTION_DONE=1 ELAPSED_SIM=1.202 INITIAL_ERR=0.04716 FINAL_ERR=0.00079 ARM_V=0.00874
DAY4_STEP=1 EPISODE=013 STEP=08 DIST=0.033259 YAW_ERR_DEG=4.460 REQUESTED_MOVE=0.005580 EXECUTED_MOVE=0.005487 ATTEMPT=0 SUCCESS=0 TERMINATED=0 TRUNCATED=0
DAY4_MOTION_DONE=1 ELAPSED_SIM=1.200 INITIAL_ERR=0.04356 FINAL_ERR=0.00059 ARM_V=0.00653
DAY4_STEP=1 EPISODE=013 STEP=09 DIST=0.034797 YAW_ERR_DEG=5.418 REQUESTED_MOVE=0.005661 EXECUTED_MOVE=0.005584 ATTEMPT=0 SUCCESS=0 TERMINATED=0 TRUNCATED=0
DAY4_MOTION_DONE=1 ELAPSED_SIM=1.278 INITIAL_ERR=0.09262 FINAL_ERR=0.00054 ARM_V=0.00598
DAY4_STEP=1 EPISODE=013 STEP=10 DIST=0.034935 YAW_ERR_DEG=9.561 REQUESTED_MOVE=0.003345 EXECUTED_MOVE=0.003325 ATTEMPT=0 SUCCESS=0 TERMINATED=0 TRUNCATED=0
DAY4_MOTION_DONE=1 ELAPSED_SIM=1.266 INITIAL_ERR=0.08166 FINAL_ERR=0.00053 ARM_V=0.00586
DAY4_STEP=1 EPISODE=013 STEP=11 DIST=0.036854 YAW_ERR_DEG=12.516 REQUESTED_MOVE=0.006188 EXECUTED_MOVE=0.006148 ATTEMPT=0 SUCCESS=0 TERMINATED=0 TRUNCATED=0
DAY4_MOTION_DONE=1 ELAPSED_SIM=1.202 INITIAL_ERR=0.03085 FINAL_ERR=0.00042 ARM_V=0.00463
DAY4_STEP=1 EPISODE=013 STEP=12 DIST=0.040582 YAW_ERR_DEG=13.620 REQUESTED_MOVE=0.004884 EXECUTED_MOVE=0.004818 ATTEMPT=0 SUCCESS=0 TERMINATED=0 TRUNCATED=0
DAY4_MOTION_DONE=1 ELAPSED_SIM=1.252 INITIAL_ERR=0.06670 FINAL_ERR=0.00059 ARM_V=0.00657
DAY4_STEP=1 EPISODE=013 STEP=13 DIST=0.036122 YAW_ERR_DEG=17.687 REQUESTED_MOVE=0.006207 EXECUTED_MOVE=0.006152 ATTEMPT=0 SUCCESS=0 TERMINATED=0 TRUNCATED=0
DAY4_MOTION_DONE=1 ELAPSED_SIM=1.276 INITIAL_ERR=0.07736 FINAL_ERR=0.00050 ARM_V=0.00556
DAY4_STEP=1 EPISODE=013 STEP=14 DIST=0.034903 YAW_ERR_DEG=15.282 REQUESTED_MOVE=0.006707 EXECUTED_MOVE=0.006664 ATTEMPT=0 SUCCESS=0 TERMINATED=0 TRUNCATED=0
DAY4_MOTION_DONE=1 ELAPSED_SIM=1.200 INITIAL_ERR=0.02743 FINAL_ERR=0.00041 ARM_V=0.00457
DAY4_STEP=1 EPISODE=013 STEP=15 DIST=0.031680 YAW_ERR_DEG=15.729 REQUESTED_MOVE=0.004110 EXECUTED_MOVE=0.004048 ATTEMPT=0 SUCCESS=0 TERMINATED=0 TRUNCATED=0
DAY4_MOTION_DONE=1 ELAPSED_SIM=1.286 INITIAL_ERR=0.10035 FINAL_ERR=0.00053 ARM_V=0.00584
DAY4_STEP=1 EPISODE=013 STEP=16 DIST=0.034084 YAW_ERR_DEG=20.189 REQUESTED_MOVE=0.003765 EXECUTED_MOVE=0.003746 ATTEMPT=0 SUCCESS=0 TERMINATED=0 TRUNCATED=0
DAY4_MOTION_DONE=1 ELAPSED_SIM=1.200 INITIAL_ERR=0.03008 FINAL_ERR=0.00045 ARM_V=0.00502
DAY4_STEP=1 EPISODE=013 STEP=17 DIST=0.039511 YAW_ERR_DEG=20.450 REQUESTED_MOVE=0.005590 EXECUTED_MOVE=0.005506 ATTEMPT=0 SUCCESS=0 TERMINATED=0 TRUNCATED=0
DAY4_MOTION_DONE=1 ELAPSED_SIM=1.268 INITIAL_ERR=0.07696 FINAL_ERR=0.00055 ARM_V=0.00614
DAY4_STEP=1 EPISODE=013 STEP=18 DIST=0.036965 YAW_ERR_DEG=25.131 REQUESTED_MOVE=0.004176 EXECUTED_MOVE=0.004146 ATTEMPT=0 SUCCESS=0 TERMINATED=0 TRUNCATED=0
DAY4_MOTION_DONE=1 ELAPSED_SIM=1.308 INITIAL_ERR=0.12070 FINAL_ERR=0.00051 ARM_V=0.00568
DAY4_STEP=1 EPISODE=013 STEP=19 DIST=0.039445 YAW_ERR_DEG=30.031 REQUESTED_MOVE=0.005477 EXECUTED_MOVE=0.005453 ATTEMPT=0 SUCCESS=0 TERMINATED=0 TRUNCATED=0
DAY4_MOTION_DONE=1 ELAPSED_SIM=1.230 INITIAL_ERR=0.05390 FINAL_ERR=0.00053 ARM_V=0.00589
DAY4_STEP=1 EPISODE=013 STEP=20 DIST=0.038397 YAW_ERR_DEG=32.861 REQUESTED_MOVE=0.002277 EXECUTED_MOVE=0.002255 ATTEMPT=0 SUCCESS=0 TERMINATED=0 TRUNCATED=1
DAY4_RESET_GRIPPER=OPEN ANGLE_RAD=1.291194 EFFORT_NM=0.552542
DAY4_RESET_GRIPPER=AFTER_INITIAL_MOVE ANGLE_RAD=1.304763 EFFORT_NM=0.530909
TRIAL=014 VISUAL_CENTER=[0.2248992696404457, -0.0012775538489222527, 0.015101973024331042] SURFACE=[0.2248992696404457, -0.0012775538489222527, 0.03010197302433104] CONTOUR_DEG=0.00 AXIS_STD_DEG=0.00 FOOTPRINT=[0.029952703043818474, 0.029952703043818474] CONFIDENCE=0.9963
TRIAL=014 PHASE=OPEN_GRIPPER
TRIAL=014 PHASE=RETURN_OBSERVATION
DAY4_RESET_GRIPPER=OPEN ANGLE_RAD=1.291151 EFFORT_NM=0.534164
DAY4_RESET_GRIPPER=AFTER_INITIAL_MOVE ANGLE_RAD=1.298058 EFFORT_NM=0.531542
TRIAL=015 VISUAL_CENTER=[0.2312837839126587, -0.06217554211616516, 0.015103132345085132] SURFACE=[0.2312837839126587, -0.06217554211616516, 0.030103132345085132] CONTOUR_DEG=0.00 AXIS_STD_DEG=0.00 FOOTPRINT=[0.030003931373357773, 0.030003931373357773] CONFIDENCE=0.9956
TRIAL=015 PHASE=OPEN_GRIPPER
TRIAL=015 PHASE=RETURN_OBSERVATION
Exception in thread day8_sim_delay:
Traceback (most recent call last):
  File "/usr/lib/python3.10/threading.py", line 1016, in _bootstrap_inner
    self.run()
  File "/usr/lib/python3.10/threading.py", line 953, in run
    self._target(*self._args, **self._kwargs)
  File "/home/ubuntu/ros2_ws/day9/day8_env.py", line 335, in dispatch_clock
    self.delay_executor.spin_once(timeout_sec=.02)
  File "/opt/ros/humble/local/lib/python3.10/dist-packages/rclpy/executors.py", line 808, in spin_once
    self._spin_once_impl(timeout_sec)
  File "/opt/ros/humble/local/lib/python3.10/dist-packages/rclpy/executors.py", line 797, in _spin_once_impl
    handler, entity, node = self.wait_for_ready_callbacks(timeout_sec=timeout_sec)
  File "/opt/ros/humble/local/lib/python3.10/dist-packages/rclpy/executors.py", line 780, in wait_for_ready_callbacks
    return next(self._cb_iter)
  File "/opt/ros/humble/local/lib/python3.10/dist-packages/rclpy/executors.py", line 681, in _wait_for_ready_callbacks
    raise ExternalShutdownException()
rclpy.executors.ExternalShutdownException
TRIAL=015 PHASE=OPEN_GRIPPER
Traceback (most recent call last):
  File "/home/ubuntu/ros2_ws/day9/automation/run_pipeline.py", line 211, in <module>
    retries+=1;item['recoveries']=retries;safe_write(STATE,state)
  File "/home/ubuntu/ros2_ws/day9/automation/run_pipeline.py", line 151, in main
    if not stage_result_ok(stage,item['result']):raise RuntimeError(f'invalid completed stage {stage}')
RuntimeError: B training unsafe or unsaved: {'run': '20260923T074341_B_pilot_20260909_1790149421367725816', 'status': 'RECOVERY_FAILED', 'error': 'RunInterrupted: training interrupted or declared wall deadline reached', 'method': 'B', 'seed': 20260909, 'steps': 360, 'updates': 0, 'counters': {'complete_episodes': 18, 'successes': 0, 'grasp_attempts': 0, 'reset_failures': 10, 'task_reset_failures': 8, 'technical_failures': 0}, 'wall_sec': 816.2623549549899, 'timings': {'randomization_perception': {'wall': 0.22544413100695238, 'exclusive': 0.22544413100695238, 'sim': 0.1719999999998123, 'count': 15}, 'open_motion': {'wall': 201.0395390878839, 'exclusive': 201.0395390878839, 'sim': 0.0, 'count': 21}, 'open_settle': {'wall': 6.457792196539231, 'exclusive': 6.457792196539231, 'sim': 0.0, 'count': 21}, 'open': {'wall': 208.36428356610122, 'exclusive': 0.8669522816780955, 'sim': 154.23600000000033, 'count': 36}, 'return_observation': {'wall': 66.09494021697901, 'exclusive': 66.09494021697901, 'sim': 47.35599999999991, 'count': 20}, 'randomization_physics': {'wall': 21.200936380017083, 'exclusive': 21.200936380017083, 'sim': 4.484000000000023, 'count': 15}, 'vision': {'wall': 44.72762975801015, 'exclusive': 44.72762975801015, 'sim': 36.901999999999816, 'count': 15}, 'ik_path': {'wall': 29.780523340945365, 'exclusive': 29.780523340945365, 'sim': 20.215999999999767, 'count': 54}, 'ik': {'wall': 42.93680925399531, 'exclusive': 16.973211848991923, 'sim': 28.22800000000015, 'count': 14}, 'arm_transfer': {'wall': 35.045957018010085, 'exclusive': 35.045957018010085, 'sim': 26.22800000000005, 'count': 10}, 'arm_path': {'wall': 20.963803628023015, 'exclusive': 20.963803628023015, 'sim': 16.424000000000007, 'count': 10}, 'reset': {'wall': 395.36433704500087, 'exclusive': 20.90530348996981, 'sim': 289.98400000000004, 'count': 15}, 'reset_total': {'wall': 398.5282887360372, 'exclusive': 2.938507560029393, 'sim': 261.51599999999985, 'count': 15}, 'inference': {'wall': 0.02496479800902307, 'exclusive': 0.02496479800902307, 'sim': 0.0, 'count': 200}, 'ik_step': {'wall': 7.858574536134256, 'exclusive': 7.858574536134256, 'sim': 4.696000000000154, 'count': 200}, 'action_execution': {'wall': 335.8236085023382, 'exclusive': 335.8236085023382, 'sim': 246.4120000000021, 'count': 200}, 'environment_step': {'wall': 344.71516853713547, 'exclusive': 1.032985498663038, 'sim': 251.42200000000008, 'count': 200}, 'recovery': {'wall': 69.00325182004599, 'exclusive': 0.31099961799918674, 'sim': 47.474000000000075, 'count': 6}, 'checkpoint_write': {'wall': 0.03839450498344377, 'exclusive': 0.03839450498344377, 'sim': 0.0, 'count': 1}}, 'checkpoint': {'status': 'INTERRUPTED', 'steps': 360, 'updates': 0, 'method': 'B', 'seed': 20260909, 'config_sha256': '51126d0cec604ab034afc866a74af5735b5fb870a43b18c24eb390ca707b63ee', 'code_hashes': {'analyze_day9.py': '732a6277653843666fb63e0edb79d626c5a259e146a24e419812d5d7db2a12f9', 'analyze_self_occlusion.py': '021159e7da66f9dde02fc6c62abdf58864cf33a4787a53ce369de707892a46bf', 'config.yaml': 'e9f60a524e088d1a0fe6572a085eb5a001839e76db71d1244f9a80c90b61e54d', 'day4_env.py': '710b07661208fcf8474e14ae853d5d872d3ea04cf3660f6df5350760b3b53522', 'day8_check.py': '9393336635604aba50938a0adcf0f3fdee36f97cc935f85d2f1bf6441b5fe08f', 'day8_env.py': 'c20c8c59cfafb9ecf3d222deb621af64bddcaf8f1a29b3bde434cfa1269fc537', 'day9_env.py': '1a66fc310648c9d45eac697b058b2d03438b65975d7b004ae3ed85277ac30257', 'day9_training.py': '51d28abe6cc02e620db77a9c10c93f623d0de6509223dd9de3af8c57497bebf7', 'generated/camera_baseline/day3_v5_robot.sdf': '7316b273a6d2bed98ddc6853af26c76470b69d0e736d11a79e04e669a76d9595', 'generated/camera_baseline/day3_v5_robot.urdf': '479818df56947f89bd0bfa6db6bed642f1b892a423aa4dcbb5571c88ec469fdc', 'generated/day3_v5_robot.sdf': 'ede63437936c6597baf51f0f42f1d094e63750ae42616768373defc2102086e1', 'generated/day3_v5_robot.urdf': '928b1da749265fd660662bb42779c37dd7d4ba5001cbed816e59bdea1a1085ef', 'grasp_geometry_v5.py': 'fc1815d10cbcfbb64563268a1b2e978d952b76dc85bb4da522dacc6f46a80352', 'io_probe.py': '01c5cd5cc8c6817658778fbb20815a75251ec78145065ad405c7bd97f9b212cc', 'manage_day8.py': '3790ff7f3621944df43d904721715a1bde15da3216fd74b024bf907bbc4cfa4c', 'manage_day9.py': 'a149b0fab4e8862c6fef035c894423b528f0eb2c019c1e93d9845d70ecc910e1', 'moveit.launch.py': '5f4395e957478022f0bc32acbbcf1f27e565cdf793a46169005a86a1312a01b5', 'moveit_v5/jetarm_6dof.srdf': '050e781b46de6e20a8e380889c80fa323864715766db22108718a7ab7a41f358', 'moveit_v5/joint_limits.yaml': '34100799bd26830db251e4384988c390fcf6d52da34f7f668b9d1c78b98d4f3f', 'moveit_v5/kinematics.yaml': '1501ebb454f62845ae94011e0d7cb9150185b05fbd45cffd8fec181a750182b9', 'moveit_v5/launch_defaults.yaml': '9b52d3771161f749276f21709054fbb411ccddd54c479accf797c9e7e36dd4e6', 'moveit_v5/moveit_controllers.yaml': '6e81d67a80a63f0db24406a99e8efc8993a3a24482c20e7c523497bce4c5248f', 'moveit_v5/pilz_cartesian_limits.yaml': 'fed80b213b77f13fb7b913d703609a66caa72ccb0617b41e83d3057e31749047', 'moveit_v5/sensors_3d.yaml': '2da018b37e1038d2d868499d8c6cdf56b95ceda2d859eba80744ed2e7ec246c2', 'perception_v5.py': '8c0cd48399360b78dd807550332ef132cc397abdb1576bad2eda2020bd322b99', 'perception_v5.yaml': '927b371725cc84f6c939ec085161c6037c2ae221c309213e140dd5090ae1afad', 'repair_camera.py': '86eb2db1b1236f4b72859ac8327c6c187de73e02768bc612f08c38696e838a10', 'residual_env.py': 'caee2ca833a1b226216a80d71be626870e055b79d16824fc35d251c8c92afd95', 'run_day9.py': '53e818b9a947d6d46ade067ebd735c866541bdc76168390fff49b275bb48e89c', 'run_validation.py': '28ac3bea09c5c53475ea9f33098563dcc4075fb9f557bff598cb8740ac41c1b6', 'session_env.sh': '5fa52760e00d761c6d62ecbac5faf769e2610749a0242c00f95e4a370e201502', 'simulations/robot_gazebo/config/robot_config.yaml': '37ec82d26af5103bd193a50325465c55b993e43c05589fbf2f6fd9a848d6c35d', 'simulations/robot_gazebo/worlds/grasp_table.sdf': 'c626376a90506a7f4834ec1124ad66fcc4ac8ab067fcba2964cb6508c2873d6f', 'test_day9_contract.py': '881124e19ae379729dffa0012363c21944508a001fef38e91860a23caaceda18', 'visual_grasp_v5.py': '6c427a085323aba690965df860ac81f7f2e0e53be9458aea3ef44405f857d4c0', 'white_area.py': '72fe11ce9de3f9470851f389c908c922f1bbe692b78eddc29adfe76506795069', 'white_area_check.py': 'a8707b567eaba2687a0748079a2b813dbd4e160cad3b133caffe30b051cff09c', 'world.launch.py': '811932079c7c959111b394aedef8eb83227fb48cc2ec911dddf603ea42cd1446', 'write_review.py': '1080defad05d80afad9ef4375d011ac45547f6d38e2682281973076d5a06e93f'}, 'model': 'models/pilot/B_20260909/step_000360_1790150236974506698.zip', 'replay': 'models/pilot/B_20260909/step_000360_1790150236974506698_replay.pkl', 'rng': 'models/pilot/B_20260909/step_000360_1790150236974506698_rng.pkl', 'curriculum': {'mode': 'off', 'level': 'L0', 'window': [False, False, False, False, False, False, False, False, False, False, False, False, False, False, False, False, False, False, False, False, False, False, False, False, False, False, False], 'dwell': 27, 'valid_total': 27}, 'next_attempt': 28, 'counters': {'complete_episodes': 18, 'successes': 0, 'grasp_attempts': 0, 'reset_failures': 10, 'task_reset_failures': 8, 'technical_failures': 0}, 'initial_policy_hash': 'cb74c5f1af32aae27ed08933b204c45c7466d249e38ab644413b21a49278e878', 'resume_semantics': 'continue optimizer/replay/RNG/curriculum at a new safely reset physical episode; not bitwise simulator continuation'}, 'initial_policy_hash': 'cb74c5f1af32aae27ed08933b204c45c7466d249e38ab644413b21a49278e878', 'weights_changed': False, 'includes': ['startup', 'reset', 'randomization', 'grasp', 'network_update', 'checkpoint', 'safe_close'], 'success_rate_including_task_reset_failures': 0.0, 'success_rate_denominator': 26}
