/usr/lib/python3/dist-packages/scipy/__init__.py:146: UserWarning: A NumPy version >=1.17.3 and <1.25.0 is required for this version of SciPy (detected version 1.26.4
  warnings.warn(f"A NumPy version >={np_minversion} and <{np_maxversion}"
TRIAL=000 PHASE=CHECK_INTERFACES
DAY4_RESET_GRIPPER=OPEN ANGLE_RAD=1.570000 EFFORT_NM=1.200000
DAY4_RESET_GRIPPER=AFTER_INITIAL_MOVE ANGLE_RAD=1.570000 EFFORT_NM=1.200000
TRIAL=001 VISUAL_CENTER=[0.18488575518131256, -0.012286581099033356, 0.015097689716655371] SURFACE=[0.18488575518131256, -0.012286581099033356, 0.03009768971665537] CONTOUR_DEG=0.00 AXIS_STD_DEG=0.00 FOOTPRINT=[0.029822736978530884, 0.029822736978530884] CONFIDENCE=0.9943
TRIAL=001 SELECTED_CONTOUR_ORIENTATION=+90.00deg TILT=0.0 LEAN=-1 SYMMETRY=1 IK_FK_POS_ERROR=0.000000m IK_FK_ORIENTATION_ERROR=0.000000rad FINGER_FK_LIFT=0.080000m FINGER_FK_DRIFT=0.000000m JOINT_MOTION=2.060870rad
DAY4_MOTION_DONE=1 ELAPSED_SIM=1.200 INITIAL_ERR=0.03459 FINAL_ERR=0.00047 ARM_V=0.00519
DAY4_STEP=1 EPISODE=001 STEP=01 DIST=0.020076 YAW_ERR_DEG=0.013 REQUESTED_MOVE=0.004996 EXECUTED_MOVE=0.004928 ATTEMPT=0 SUCCESS=0 TERMINATED=0 TRUNCATED=0
DAY4_MOTION_DONE=1 ELAPSED_SIM=1.200 INITIAL_ERR=0.03421 FINAL_ERR=0.00046 ARM_V=0.00513
DAY4_STEP=1 EPISODE=001 STEP=02 DIST=0.015151 YAW_ERR_DEG=0.025 REQUESTED_MOVE=0.004993 EXECUTED_MOVE=0.004926 ATTEMPT=0 SUCCESS=0 TERMINATED=0 TRUNCATED=0
DAY4_MOTION_DONE=1 ELAPSED_SIM=1.200 INITIAL_ERR=0.03392 FINAL_ERR=0.00046 ARM_V=0.00509
DAY4_STEP=1 EPISODE=001 STEP=03 DIST=0.010228 YAW_ERR_DEG=0.035 REQUESTED_MOVE=0.004991 EXECUTED_MOVE=0.004924 ATTEMPT=0 SUCCESS=0 TERMINATED=0 TRUNCATED=0
DAY4_MOTION_DONE=1 ELAPSED_SIM=1.200 INITIAL_ERR=0.03360 FINAL_ERR=0.00050 ARM_V=0.00560
DAY4_GRASP_ATTEMPT=1
TRIAL=001 PHASE=CLOSE_SEARCH
TRIAL=001 LEFT_CONTACT=0 RIGHT_CONTACT=0 STALL=0
TRIAL=001 LEFT_CONTACT=0 RIGHT_CONTACT=0 STALL=0
TRIAL=001 LEFT_CONTACT=0 RIGHT_CONTACT=0 STALL=0
TRIAL=001 LEFT_CONTACT=0 RIGHT_CONTACT=1 STALL=0
TRIAL=001 PHASE=WAIT_DUAL_CONTACT
TRIAL=001 PHASE=WAIT_STALL
TRIAL=001 LEFT_CONTACT=1 RIGHT_CONTACT=1 STALL=0 GRIPPER_ERROR=0.03885 VELOCITY=0.07886 CLOSURE_M=0.00006
TRIAL=001 LEFT_CONTACT=1 RIGHT_CONTACT=1 STALL=0 GRIPPER_ERROR=0.02640 VELOCITY=0.00853 CLOSURE_M=0.00072
TRIAL=001 LEFT_CONTACT=1 RIGHT_CONTACT=1 STALL=0 GRIPPER_ERROR=0.02057 VELOCITY=0.00559 CLOSURE_M=0.00104
TRIAL=001 LEFT_CONTACT=1 RIGHT_CONTACT=1 STALL=0 GRIPPER_ERROR=0.01654 VELOCITY=0.00438 CLOSURE_M=0.00125
TRIAL=001 LEFT_CONTACT=1 RIGHT_CONTACT=1 STALL=0 GRIPPER_ERROR=0.01310 VELOCITY=0.00403 CLOSURE_M=0.00144
TRIAL=001 PHASE=LIFT_80_MM
TRIAL=001 ACTUAL_LIFT_M=-0.00021 LEFT_CONTACT=1 RIGHT_CONTACT=1
TRIAL=001 ACTUAL_LIFT_M=0.02469 LEFT_CONTACT=1 RIGHT_CONTACT=1
TRIAL=001 ACTUAL_LIFT_M=0.05322 LEFT_CONTACT=1 RIGHT_CONTACT=1
TRIAL=001 PHASE=HOLD
TRIAL=001 HOLD_SIM_SEC=0.000 HOLD_WALL_SEC=0.000 ACTUAL_LIFT_M=0.07347 RELATIVE_SLIP_M=0.00000 LEFT_CONTACT=1 RIGHT_CONTACT=1
TRIAL=001 HOLD_SIM_SEC=0.830 HOLD_WALL_SEC=1.001 ACTUAL_LIFT_M=0.07447 RELATIVE_SLIP_M=0.00000 LEFT_CONTACT=1 RIGHT_CONTACT=1
TRIAL=001 HOLD_SIM_SEC=1.662 HOLD_WALL_SEC=2.001 ACTUAL_LIFT_M=0.07447 RELATIVE_SLIP_M=0.00000 LEFT_CONTACT=1 RIGHT_CONTACT=1
TRIAL=001 HOLD_SIM_SEC=2.514 HOLD_WALL_SEC=3.001 ACTUAL_LIFT_M=0.07446 RELATIVE_SLIP_M=0.00000 LEFT_CONTACT=1 RIGHT_CONTACT=1
TRIAL=001 HOLD_SIM_SEC=3.344 HOLD_WALL_SEC=4.002 ACTUAL_LIFT_M=0.07446 RELATIVE_SLIP_M=0.00000 LEFT_CONTACT=1 RIGHT_CONTACT=1
TRIAL=001 HOLD_SIM_SEC=4.188 HOLD_WALL_SEC=5.002 ACTUAL_LIFT_M=0.07445 RELATIVE_SLIP_M=0.00000 LEFT_CONTACT=1 RIGHT_CONTACT=1
TRIAL=001 PHASE=PLACE_DOWN
TRIAL=001 PHASE=OPEN_GRIPPER
TRIAL=001 PHASE=RETREAT_PREGRASP
TRIAL=001 PHASE=GRASP_SUCCESS
TRIAL=001 DAY5_PLACE_RELEASE=PASS
DAY4_GRASP_RESULT=SUCCESS
DAY4_STEP=1 EPISODE=001 STEP=04 DIST=0.005316 YAW_ERR_DEG=0.043 REQUESTED_MOVE=0.004989 EXECUTED_MOVE=0.004915 ATTEMPT=1 SUCCESS=1 TERMINATED=1 TRUNCATED=0
DAY8_SMOKE L0 0 {"completed": true, "success": true, "returned_to_table": true, "failures": []}
